<html>
<body>
<pre>
<h1>µVision Build Log</h1>
<h2>Project:</h2>
C:\Users\smec\Documents\M Arun R\FreeRTOS\Demo\ARM7_LPC2129_Keil_RVDS 6 (Queue, UART, Mutex)\RTOSDemo.uvproj
Project File Date:  02/14/2018

<h2>Output:</h2>
Build target 'RTOSDemo_THUMB'
assembling Startup.s...
compiling main.c...
compiling tasks.c...
compiling list.c...
compiling queue.c...
compiling port.c...
compiling heap_2.c...
assembling portASM.s...
linking...
Program Size: Code=8820 RO-data=32 RW-data=96 ZI-data=15160  
FromELF: creating hex file...
".\bin\RTOSDemo.axf" - 0 Error(s), 0 Warning(s).
Build target 'RTOSDemo_THUMB'
assembling Startup.s...
compiling main.c...
compiling tasks.c...
compiling list.c...
compiling queue.c...
compiling port.c...
compiling heap_2.c...
assembling portASM.s...
linking...
Program Size: Code=8828 RO-data=32 RW-data=96 ZI-data=15160  
FromELF: creating hex file...
".\bin\RTOSDemo.axf" - 0 Error(s), 0 Warning(s).
Build target 'RTOSDemo_THUMB'
assembling Startup.s...
compiling main.c...
main.c(94): error:  #65: expected a ";"
compiling tasks.c...
compiling list.c...
compiling queue.c...
compiling port.c...
compiling heap_2.c...
assembling portASM.s...
Target not created
Build target 'RTOSDemo_THUMB'
assembling Startup.s...
compiling main.c...
compiling tasks.c...
compiling list.c...
compiling queue.c...
compiling port.c...
compiling heap_2.c...
assembling portASM.s...
linking...
Program Size: Code=8836 RO-data=32 RW-data=96 ZI-data=15160  
FromELF: creating hex file...
".\bin\RTOSDemo.axf" - 0 Error(s), 0 Warning(s).
Build target 'RTOSDemo_THUMB'
assembling Startup.s...
compiling main.c...
compiling tasks.c...
compiling list.c...
compiling queue.c...
compiling port.c...
compiling heap_2.c...
assembling portASM.s...
linking...
Program Size: Code=8840 RO-data=32 RW-data=96 ZI-data=15160  
FromELF: creating hex file...
".\bin\RTOSDemo.axf" - 0 Error(s), 0 Warning(s).
Build target 'RTOSDemo_THUMB'
assembling Startup.s...
compiling main.c...
compiling tasks.c...
compiling list.c...
compiling queue.c...
compiling port.c...
compiling heap_2.c...
assembling portASM.s...
linking...
Program Size: Code=8852 RO-data=32 RW-data=96 ZI-data=15160  
FromELF: creating hex file...
".\bin\RTOSDemo.axf" - 0 Error(s), 0 Warning(s).
Build target 'RTOSDemo_THUMB'
compiling main.c...
main.c(49): error:  #167: argument of type "int" is incompatible with parameter of type "const char *"
Target not created
Build target 'RTOSDemo_THUMB'
assembling Startup.s...
compiling main.c...
main.c(49): error:  #167: argument of type "int" is incompatible with parameter of type "const char *"
compiling tasks.c...
compiling list.c...
compiling queue.c...
compiling port.c...
compiling heap_2.c...
assembling portASM.s...
Target not created
Build target 'RTOSDemo_THUMB'
assembling Startup.s...
compiling main.c...
compiling tasks.c...
compiling list.c...
compiling queue.c...
compiling port.c...
compiling heap_2.c...
assembling portASM.s...
linking...
Program Size: Code=8844 RO-data=32 RW-data=96 ZI-data=15160  
FromELF: creating hex file...
".\bin\RTOSDemo.axf" - 0 Error(s), 0 Warning(s).
Build target 'RTOSDemo_THUMB'
assembling Startup.s...
compiling main.c...
compiling tasks.c...
compiling list.c...
compiling queue.c...
compiling port.c...
compiling heap_2.c...
assembling portASM.s...
linking...
Program Size: Code=8844 RO-data=32 RW-data=96 ZI-data=15160  
FromELF: creating hex file...
".\bin\RTOSDemo.axf" - 0 Error(s), 0 Warning(s).
Build target 'RTOSDemo_THUMB'
compiling main.c...
linking...
Program Size: Code=8848 RO-data=32 RW-data=96 ZI-data=15160  
FromELF: creating hex file...
".\bin\RTOSDemo.axf" - 0 Error(s), 0 Warning(s).
Build target 'RTOSDemo_THUMB'
assembling Startup.s...
compiling main.c...
compiling tasks.c...
compiling list.c...
compiling queue.c...
compiling port.c...
compiling heap_2.c...
assembling portASM.s...
linking...
Program Size: Code=8844 RO-data=32 RW-data=96 ZI-data=15160  
FromELF: creating hex file...
".\bin\RTOSDemo.axf" - 0 Error(s), 0 Warning(s).
Build target 'RTOSDemo_THUMB'
assembling Startup.s...
compiling main.c...
compiling tasks.c...
compiling list.c...
compiling queue.c...
compiling port.c...
compiling heap_2.c...
assembling portASM.s...
linking...
Program Size: Code=8848 RO-data=32 RW-data=96 ZI-data=15160  
FromELF: creating hex file...
".\bin\RTOSDemo.axf" - 0 Error(s), 0 Warning(s).
Build target 'RTOSDemo_THUMB'
assembling Startup.s...
compiling main.c...
compiling tasks.c...
compiling list.c...
compiling queue.c...
compiling port.c...
compiling heap_2.c...
assembling portASM.s...
linking...
Program Size: Code=8848 RO-data=32 RW-data=96 ZI-data=15160  
FromELF: creating hex file...
".\bin\RTOSDemo.axf" - 0 Error(s), 0 Warning(s).
Build target 'RTOSDemo_THUMB'
assembling Startup.s...
compiling main.c...
compiling tasks.c...
compiling list.c...
compiling queue.c...
compiling port.c...
compiling heap_2.c...
assembling portASM.s...
linking...
Program Size: Code=8848 RO-data=32 RW-data=96 ZI-data=15160  
FromELF: creating hex file...
".\bin\RTOSDemo.axf" - 0 Error(s), 0 Warning(s).
Build target 'RTOSDemo_THUMB'
assembling Startup.s...
compiling main.c...
compiling tasks.c...
compiling list.c...
compiling queue.c...
compiling port.c...
compiling heap_2.c...
assembling portASM.s...
linking...
Program Size: Code=8844 RO-data=32 RW-data=96 ZI-data=15160  
FromELF: creating hex file...
".\bin\RTOSDemo.axf" - 0 Error(s), 0 Warning(s).
Build target 'RTOSDemo_THUMB'
assembling Startup.s...
compiling main.c...
compiling tasks.c...
compiling list.c...
compiling queue.c...
compiling port.c...
compiling heap_2.c...
assembling portASM.s...
linking...
Program Size: Code=8844 RO-data=32 RW-data=96 ZI-data=15160  
FromELF: creating hex file...
".\bin\RTOSDemo.axf" - 0 Error(s), 0 Warning(s).
Build target 'RTOSDemo_THUMB'
compiling main.c...
linking...
Program Size: Code=8848 RO-data=32 RW-data=96 ZI-data=15160  
FromELF: creating hex file...
".\bin\RTOSDemo.axf" - 0 Error(s), 0 Warning(s).
Build target 'RTOSDemo_THUMB'
assembling Startup.s...
compiling main.c...
compiling tasks.c...
compiling list.c...
compiling queue.c...
compiling port.c...
compiling heap_2.c...
assembling portASM.s...
linking...
Program Size: Code=8848 RO-data=32 RW-data=96 ZI-data=15160  
FromELF: creating hex file...
".\bin\RTOSDemo.axf" - 0 Error(s), 0 Warning(s).
Build target 'RTOSDemo_THUMB'
assembling Startup.s...
compiling main.c...
compiling tasks.c...
compiling list.c...
compiling queue.c...
compiling port.c...
compiling heap_2.c...
assembling portASM.s...
linking...
Program Size: Code=8848 RO-data=32 RW-data=96 ZI-data=15160  
FromELF: creating hex file...
".\bin\RTOSDemo.axf" - 0 Error(s), 0 Warning(s).
Build target 'RTOSDemo_THUMB'
assembling Startup.s...
compiling main.c...
compiling tasks.c...
compiling list.c...
compiling queue.c...
compiling port.c...
compiling heap_2.c...
assembling portASM.s...
linking...
Program Size: Code=8848 RO-data=32 RW-data=96 ZI-data=15160  
FromELF: creating hex file...
".\bin\RTOSDemo.axf" - 0 Error(s), 0 Warning(s).
Build target 'RTOSDemo_THUMB'
assembling Startup.s...
compiling main.c...
compiling tasks.c...
compiling list.c...
compiling queue.c...
compiling port.c...
compiling heap_2.c...
assembling portASM.s...
linking...
Program Size: Code=8828 RO-data=32 RW-data=96 ZI-data=15160  
FromELF: creating hex file...
".\bin\RTOSDemo.axf" - 0 Error(s), 0 Warning(s).
Build target 'RTOSDemo_THUMB'
assembling Startup.s...
compiling main.c...
compiling tasks.c...
compiling list.c...
compiling queue.c...
compiling port.c...
compiling heap_2.c...
assembling portASM.s...
linking...
Program Size: Code=8820 RO-data=32 RW-data=96 ZI-data=15160  
FromELF: creating hex file...
".\bin\RTOSDemo.axf" - 0 Error(s), 0 Warning(s).
Build target 'RTOSDemo_THUMB'
assembling Startup.s...
compiling main.c...
compiling tasks.c...
compiling list.c...
compiling queue.c...
compiling port.c...
compiling heap_2.c...
assembling portASM.s...
linking...
Program Size: Code=8820 RO-data=32 RW-data=96 ZI-data=15160  
FromELF: creating hex file...
".\bin\RTOSDemo.axf" - 0 Error(s), 0 Warning(s).
Build target 'RTOSDemo_THUMB'
assembling Startup.s...
compiling main.c...
compiling tasks.c...
compiling list.c...
compiling queue.c...
compiling port.c...
compiling heap_2.c...
assembling portASM.s...
linking...
Program Size: Code=8820 RO-data=32 RW-data=96 ZI-data=15160  
FromELF: creating hex file...
".\bin\RTOSDemo.axf" - 0 Error(s), 0 Warning(s).
Build target 'RTOSDemo_THUMB'
assembling Startup.s...
compiling main.c...
compiling tasks.c...
compiling list.c...
compiling queue.c...
compiling port.c...
compiling heap_2.c...
assembling portASM.s...
linking...
Program Size: Code=8820 RO-data=32 RW-data=96 ZI-data=15160  
FromELF: creating hex file...
".\bin\RTOSDemo.axf" - 0 Error(s), 0 Warning(s).
Build target 'RTOSDemo_THUMB'
assembling Startup.s...
compiling main.c...
compiling tasks.c...
compiling list.c...
compiling queue.c...
compiling port.c...
compiling heap_2.c...
assembling portASM.s...
linking...
Program Size: Code=8820 RO-data=32 RW-data=96 ZI-data=15160  
FromELF: creating hex file...
".\bin\RTOSDemo.axf" - 0 Error(s), 0 Warning(s).
Build target 'RTOSDemo_THUMB'
assembling Startup.s...
compiling main.c...
compiling tasks.c...
compiling list.c...
compiling queue.c...
compiling port.c...
compiling heap_2.c...
assembling portASM.s...
linking...
Program Size: Code=8820 RO-data=32 RW-data=96 ZI-data=15160  
FromELF: creating hex file...
".\bin\RTOSDemo.axf" - 0 Error(s), 0 Warning(s).
Build target 'RTOSDemo_THUMB'
assembling Startup.s...
compiling main.c...
compiling tasks.c...
compiling list.c...
compiling queue.c...
compiling port.c...
compiling heap_2.c...
assembling portASM.s...
linking...
Program Size: Code=8820 RO-data=32 RW-data=96 ZI-data=15160  
FromELF: creating hex file...
".\bin\RTOSDemo.axf" - 0 Error(s), 0 Warning(s).
Build target 'RTOSDemo_THUMB'
assembling Startup.s...
compiling main.c...
compiling tasks.c...
compiling list.c...
compiling queue.c...
compiling port.c...
compiling heap_2.c...
assembling portASM.s...
linking...
Program Size: Code=8820 RO-data=32 RW-data=96 ZI-data=15160  
FromELF: creating hex file...
".\bin\RTOSDemo.axf" - 0 Error(s), 0 Warning(s).
Build target 'RTOSDemo_THUMB'
assembling Startup.s...
compiling main.c...
compiling tasks.c...
compiling list.c...
compiling queue.c...
compiling port.c...
compiling heap_2.c...
assembling portASM.s...
linking...
Program Size: Code=8820 RO-data=32 RW-data=96 ZI-data=15160  
FromELF: creating hex file...
".\bin\RTOSDemo.axf" - 0 Error(s), 0 Warning(s).
Build target 'RTOSDemo_THUMB'
assembling Startup.s...
compiling main.c...
compiling tasks.c...
compiling list.c...
compiling queue.c...
compiling port.c...
compiling heap_2.c...
assembling portASM.s...
linking...
Program Size: Code=8820 RO-data=32 RW-data=96 ZI-data=15160  
FromELF: creating hex file...
".\bin\RTOSDemo.axf" - 0 Error(s), 0 Warning(s).
Build target 'RTOSDemo_THUMB'
assembling Startup.s...
compiling main.c...
compiling tasks.c...
compiling list.c...
compiling queue.c...
compiling port.c...
compiling heap_2.c...
assembling portASM.s...
linking...
Program Size: Code=8820 RO-data=32 RW-data=96 ZI-data=15160  
FromELF: creating hex file...
".\bin\RTOSDemo.axf" - 0 Error(s), 0 Warning(s).
Build target 'RTOSDemo_THUMB'
assembling Startup.s...
compiling main.c...
compiling tasks.c...
compiling list.c...
compiling queue.c...
compiling port.c...
compiling heap_2.c...
assembling portASM.s...
linking...
Program Size: Code=8820 RO-data=32 RW-data=96 ZI-data=15160  
FromELF: creating hex file...
".\bin\RTOSDemo.axf" - 0 Error(s), 0 Warning(s).
Build target 'RTOSDemo_THUMB'
assembling Startup.s...
compiling main.c...
compiling tasks.c...
compiling list.c...
compiling queue.c...
compiling port.c...
compiling heap_2.c...
assembling portASM.s...
linking...
Program Size: Code=8820 RO-data=32 RW-data=96 ZI-data=15160  
FromELF: creating hex file...
".\bin\RTOSDemo.axf" - 0 Error(s), 0 Warning(s).
Build target 'RTOSDemo_THUMB'
assembling Startup.s...
compiling main.c...
compiling tasks.c...
compiling list.c...
compiling queue.c...
compiling port.c...
compiling heap_2.c...
assembling portASM.s...
linking...
Program Size: Code=8820 RO-data=32 RW-data=96 ZI-data=15160  
FromELF: creating hex file...
".\bin\RTOSDemo.axf" - 0 Error(s), 0 Warning(s).
Build target 'RTOSDemo_THUMB'
assembling Startup.s...
compiling main.c...
compiling tasks.c...
compiling list.c...
compiling queue.c...
compiling port.c...
compiling heap_2.c...
assembling portASM.s...
linking...
Program Size: Code=8820 RO-data=32 RW-data=96 ZI-data=15160  
FromELF: creating hex file...
".\bin\RTOSDemo.axf" - 0 Error(s), 0 Warning(s).
Build target 'RTOSDemo_THUMB'
assembling Startup.s...
compiling main.c...
compiling tasks.c...
compiling list.c...
compiling queue.c...
compiling port.c...
compiling heap_2.c...
assembling portASM.s...
linking...
Program Size: Code=8820 RO-data=32 RW-data=96 ZI-data=15160  
FromELF: creating hex file...
".\bin\RTOSDemo.axf" - 0 Error(s), 0 Warning(s).
Build target 'RTOSDemo_THUMB'
assembling Startup.s...
compiling main.c...
compiling tasks.c...
compiling list.c...
compiling queue.c...
compiling port.c...
compiling heap_2.c...
assembling portASM.s...
linking...
Program Size: Code=8820 RO-data=32 RW-data=96 ZI-data=15160  
FromELF: creating hex file...
".\bin\RTOSDemo.axf" - 0 Error(s), 0 Warning(s).
Build target 'RTOSDemo_THUMB'
assembling Startup.s...
compiling main.c...
compiling tasks.c...
compiling list.c...
compiling queue.c...
compiling port.c...
compiling heap_2.c...
assembling portASM.s...
linking...
Program Size: Code=8820 RO-data=32 RW-data=96 ZI-data=15160  
FromELF: creating hex file...
".\bin\RTOSDemo.axf" - 0 Error(s), 0 Warning(s).
Build target 'RTOSDemo_THUMB'
assembling Startup.s...
compiling main.c...
compiling tasks.c...
compiling list.c...
compiling queue.c...
compiling port.c...
compiling heap_2.c...
assembling portASM.s...
linking...
Program Size: Code=8820 RO-data=32 RW-data=96 ZI-data=15160  
FromELF: creating hex file...
".\bin\RTOSDemo.axf" - 0 Error(s), 0 Warning(s).
Build target 'RTOSDemo_THUMB'
assembling Startup.s...
compiling main.c...
compiling tasks.c...
compiling list.c...
compiling queue.c...
compiling port.c...
compiling heap_2.c...
assembling portASM.s...
linking...
Program Size: Code=8820 RO-data=32 RW-data=96 ZI-data=15160  
FromELF: creating hex file...
".\bin\RTOSDemo.axf" - 0 Error(s), 0 Warning(s).
Build target 'RTOSDemo_THUMB'
assembling Startup.s...
compiling main.c...
compiling tasks.c...
compiling list.c...
compiling queue.c...
compiling port.c...
compiling heap_2.c...
assembling portASM.s...
linking...
Program Size: Code=8820 RO-data=32 RW-data=96 ZI-data=15160  
FromELF: creating hex file...
".\bin\RTOSDemo.axf" - 0 Error(s), 0 Warning(s).
