<html>
<body>
<pre>
<h1>µVision Build Log</h1>
<h2>Project:</h2>
C:\Users\smec\Documents\M Arun R\FreeRTOS\Demo\ARM7_LPC2129_Keil_RVDS 3 (Led and UART simple)\RTOSDemo.uvproj
Project File Date:  02/12/2018

<h2>Output:</h2>
Build target 'RTOSDemo_THUMB'
assembling Startup.s...
compiling main.c...
compiling tasks.c...
compiling list.c...
compiling queue.c...
compiling port.c...
compiling heap_2.c...
assembling portASM.s...
linking...
Program Size: Code=6476 RO-data=32 RW-data=88 ZI-data=15160  
FromELF: creating hex file...
".\bin\RTOSDemo.axf" - 0 Error(s), 0 Warning(s).
