<html>
<body>
<pre>
<h1>µVision Build Log</h1>
<h2>Project:</h2>
C:\Users\smec\Documents\M Arun R\FreeRTOS\Demo\ARM7_LPC2129_Keil_RVDS 7 (Binary semaphore)\RTOSDemo.uvproj
Project File Date:  11/06/2017

<h2>Output:</h2>
Build target 'RTOSDemo_THUMB'
linking...
Program Size: Code=8492 RO-data=32 RW-data=92 ZI-data=15156  
FromELF: creating hex file...
".\bin\RTOSDemo.axf" - 0 Error(s), 0 Warning(s).
Build target 'RTOSDemo_THUMB'
assembling Startup.s...
compiling ParTest.c...
compiling main.c...
main.c(8): error:  #20: identifier "xSemaphoreHan" is undefined
compiling serial.c...
assembling serialISR.s...
compiling tasks.c...
compiling list.c...
compiling queue.c...
compiling port.c...
compiling heap_2.c...
assembling portASM.s...
Target not created
Build target 'RTOSDemo_THUMB'
assembling Startup.s...
compiling ParTest.c...
compiling main.c...
compiling serial.c...
assembling serialISR.s...
compiling tasks.c...
compiling list.c...
compiling queue.c...
compiling port.c...
compiling heap_2.c...
assembling portASM.s...
linking...
Program Size: Code=8492 RO-data=32 RW-data=92 ZI-data=15156  
FromELF: creating hex file...
".\bin\RTOSDemo.axf" - 0 Error(s), 0 Warning(s).
Build target 'RTOSDemo_THUMB'
compiling main.c...
linking...
Program Size: Code=8492 RO-data=32 RW-data=92 ZI-data=15156  
FromELF: creating hex file...
".\bin\RTOSDemo.axf" - 0 Error(s), 0 Warning(s).
Build target 'RTOSDemo_THUMB'
assembling Startup.s...
compiling ParTest.c...
compiling main.c...
compiling serial.c...
assembling serialISR.s...
compiling tasks.c...
compiling list.c...
compiling queue.c...
compiling port.c...
compiling heap_2.c...
assembling portASM.s...
linking...
Program Size: Code=8492 RO-data=32 RW-data=92 ZI-data=15156  
FromELF: creating hex file...
".\bin\RTOSDemo.axf" - 0 Error(s), 0 Warning(s).
Build target 'RTOSDemo_THUMB'
assembling Startup.s...
compiling ParTest.c...
compiling main.c...
compiling serial.c...
assembling serialISR.s...
compiling tasks.c...
compiling list.c...
compiling queue.c...
compiling port.c...
compiling heap_2.c...
assembling portASM.s...
linking...
Program Size: Code=8492 RO-data=32 RW-data=92 ZI-data=15156  
FromELF: creating hex file...
".\bin\RTOSDemo.axf" - 0 Error(s), 0 Warning(s).
Build target 'RTOSDemo_THUMB'
assembling Startup.s...
compiling ParTest.c...
compiling main.c...
main.c(14): error:  #65: expected a ";"
main.c(23): warning:  #12-D: parsing restarts here after previous syntax error
compiling serial.c...
assembling serialISR.s...
compiling tasks.c...
compiling list.c...
compiling queue.c...
compiling port.c...
compiling heap_2.c...
assembling portASM.s...
Target not created
Build target 'RTOSDemo_THUMB'
assembling Startup.s...
compiling ParTest.c...
compiling main.c...
compiling serial.c...
assembling serialISR.s...
compiling tasks.c...
compiling list.c...
compiling queue.c...
compiling port.c...
compiling heap_2.c...
assembling portASM.s...
linking...
Program Size: Code=8500 RO-data=32 RW-data=92 ZI-data=15156  
FromELF: creating hex file...
".\bin\RTOSDemo.axf" - 0 Error(s), 0 Warning(s).
Build target 'RTOSDemo_THUMB'
compiling main.c...
linking...
Program Size: Code=8492 RO-data=32 RW-data=92 ZI-data=15156  
FromELF: creating hex file...
".\bin\RTOSDemo.axf" - 0 Error(s), 0 Warning(s).
Build target 'RTOSDemo_THUMB'
compiling main.c...
linking...
Program Size: Code=8500 RO-data=32 RW-data=92 ZI-data=15156  
FromELF: creating hex file...
".\bin\RTOSDemo.axf" - 0 Error(s), 0 Warning(s).
Build target 'RTOSDemo_THUMB'
assembling Startup.s...
compiling ParTest.c...
compiling main.c...
compiling serial.c...
assembling serialISR.s...
compiling tasks.c...
compiling list.c...
compiling queue.c...
compiling port.c...
compiling heap_2.c...
assembling portASM.s...
linking...
Program Size: Code=8520 RO-data=32 RW-data=92 ZI-data=15156  
FromELF: creating hex file...
".\bin\RTOSDemo.axf" - 0 Error(s), 0 Warning(s).
Build target 'RTOSDemo_THUMB'
compiling main.c...
linking...
Program Size: Code=8520 RO-data=32 RW-data=92 ZI-data=15156  
FromELF: creating hex file...
".\bin\RTOSDemo.axf" - 0 Error(s), 0 Warning(s).
Build target 'RTOSDemo_THUMB'
assembling Startup.s...
compiling ParTest.c...
compiling main.c...
compiling serial.c...
assembling serialISR.s...
compiling tasks.c...
compiling list.c...
compiling queue.c...
compiling port.c...
compiling heap_2.c...
assembling portASM.s...
linking...
Program Size: Code=8520 RO-data=32 RW-data=92 ZI-data=15156  
FromELF: creating hex file...
".\bin\RTOSDemo.axf" - 0 Error(s), 0 Warning(s).
Build target 'RTOSDemo_THUMB'
compiling main.c...
linking...
Program Size: Code=8516 RO-data=32 RW-data=92 ZI-data=15156  
FromELF: creating hex file...
".\bin\RTOSDemo.axf" - 0 Error(s), 0 Warning(s).
Build target 'RTOSDemo_THUMB'
assembling Startup.s...
compiling ParTest.c...
compiling main.c...
compiling serial.c...
assembling serialISR.s...
compiling tasks.c...
compiling list.c...
compiling queue.c...
compiling port.c...
compiling heap_2.c...
assembling portASM.s...
linking...
Program Size: Code=8520 RO-data=32 RW-data=92 ZI-data=15156  
FromELF: creating hex file...
".\bin\RTOSDemo.axf" - 0 Error(s), 0 Warning(s).
Build target 'RTOSDemo_THUMB'
compiling main.c...
linking...
Program Size: Code=8496 RO-data=32 RW-data=92 ZI-data=15156  
FromELF: creating hex file...
".\bin\RTOSDemo.axf" - 0 Error(s), 0 Warning(s).
Build target 'RTOSDemo_THUMB'
linking...
Program Size: Code=8496 RO-data=32 RW-data=92 ZI-data=15156  
FromELF: creating hex file...
".\bin\RTOSDemo.axf" - 0 Error(s), 0 Warning(s).
