Component: ARM Compiler 5.06 update 4 (build 422) Tool: armlink [4d35d2]

==============================================================================

Section Cross References

    startup.o(STACK) refers (Special) to heapauxi.o(.text) for __use_two_region_memory
    startup.o(HEAP) refers (Special) to heapauxi.o(.text) for __use_two_region_memory
    startup.o(RESET) refers (Special) to heapauxi.o(.text) for __use_two_region_memory
    startup.o(RESET) refers to portasm.o(PORT_ASM) for vPortYieldProcessor
    startup.o(RESET) refers to startup.o(STACK) for Stack_Top
    startup.o(RESET) refers to __main.o(!!!main) for __main
    startup.o(.text) refers (Special) to heapauxi.o(.text) for __use_two_region_memory
    startup.o(.text) refers to startup.o(HEAP) for Heap_Mem
    startup.o(.text) refers to startup.o(STACK) for Stack_Mem
    main.o(.text) refers to comtest.o(.text) for xAreComTestTasksStillRunning
    main.o(.text) refers to pollq.o(.text) for xArePollingQueuesStillRunning
    main.o(.text) refers to blockq.o(.text) for xAreBlockingQueuesStillRunning
    main.o(.text) refers to semtest.o(.text) for xAreSemaphoreTasksStillRunning
    main.o(.text) refers to dynamic.o(.text) for xAreDynamicPriorityTasksStillRunning
    main.o(.text) refers to tasks.o(.text) for vTaskDelay
    main.o(.text) refers to partest.o(.text) for vParTestToggleLED
    main.o(.text) refers to flash.o(.text) for vStartLEDFlashTasks
    serial.o(.text) refers to queue.o(.text) for xQueueGenericCreate
    serial.o(.text) refers to port.o(.text) for vPortEnterCritical
    serial.o(.text) refers to aeabi_sdiv.o(.text_udiv) for __aeabi_uidivmod
    serial.o(.text) refers to tasks.o(.text) for vTaskSwitchContext
    serial.o(.text) refers to serial.o(.data) for xRxedChars
    serial.o(.text) refers to serialisr.o(.text) for vUART_ISREntry
    serialisr.o(.text) refers to port.o(.data) for ulCriticalNesting
    serialisr.o(.text) refers to tasks.o(.data) for pxCurrentTCB
    serialisr.o(.text) refers to serial.o(.text) for vUART_ISRHandler
    tasks.o(.text) refers to list.o(.text) for vListInitialise
    tasks.o(.text) refers to port.o(.text) for vPortEnterCritical
    tasks.o(.text) refers to portasm.o(PORT_ASM) for vPortYield
    tasks.o(.text) refers to heap_2.o(.text) for pvPortMalloc
    tasks.o(.text) refers to tasks.o(.bss) for pxReadyTasksLists
    tasks.o(.text) refers to tasks.o(.data) for pxDelayedTaskList
    tasks.o(.text) refers to tasks.o(i.__ARM_common_disable_irq) for __ARM_common_disable_irq
    tasks.o(.text) refers to tasks.o(i.__ARM_common_switch8) for __ARM_common_switch8
    queue.o(.text) refers to port.o(.text) for vPortEnterCritical
    queue.o(.text) refers to tasks.o(.text) for xTaskRemoveFromEventList
    queue.o(.text) refers to portasm.o(PORT_ASM) for vPortYield
    queue.o(.text) refers to list.o(.text) for vListInitialise
    queue.o(.text) refers to heap_2.o(.text) for pvPortMalloc
    queue.o(.text) refers to rt_memcpy.o(.text) for __aeabi_memcpy
    port.o(.text) refers to portasm.o(PORT_ASM) for vPortStartFirstTask
    port.o(.text) refers to tasks.o(i.__ARM_common_disable_irq) for __ARM_common_disable_irq
    port.o(.text) refers to port.o(i.__ARM_common_enable_irq) for __ARM_common_enable_irq
    port.o(.text) refers to port.o(.data) for ulCriticalNesting
    heap_2.o(.text) refers to tasks.o(.text) for vTaskSuspendAll
    heap_2.o(.text) refers to heap_2.o(.bss) for ucHeap
    heap_2.o(.text) refers to heap_2.o(.data) for xStart
    portasm.o(PORT_ASM) refers to tasks.o(.data) for pxCurrentTCB
    portasm.o(PORT_ASM) refers to port.o(.data) for ulCriticalNesting
    portasm.o(PORT_ASM) refers to tasks.o(.text) for vTaskSwitchContext
    flash.o(.text) refers to port.o(.text) for vPortEnterCritical
    flash.o(.text) refers to tasks.o(.text) for xTaskGetTickCount
    flash.o(.text) refers to partest.o(.text) for vParTestToggleLED
    flash.o(.text) refers to flash.o(.data) for uxFlashTaskNumber
    comtest.o(.text) refers to serial.o(.text) for xSerialGetChar
    comtest.o(.text) refers to partest.o(.text) for vParTestToggleLED
    comtest.o(.text) refers to tasks.o(.text) for xTaskGetTickCount
    comtest.o(.text) refers to aeabi_sdiv.o(.text_udiv) for __aeabi_uidivmod
    comtest.o(.text) refers to comtest.o(.data) for xPort
    blockq.o(.text) refers to queue.o(.text) for xQueueGenericReceive
    blockq.o(.text) refers to heap_2.o(.text) for pvPortMalloc
    blockq.o(.text) refers to tasks.o(.text) for xTaskCreate
    blockq.o(.text) refers to blockq.o(.data) for sBlockingConsumerCount
    dynamic.o(.text) refers to tasks.o(.text) for vTaskSuspendAll
    dynamic.o(.text) refers to queue.o(.text) for xQueueGenericReceive
    dynamic.o(.text) refers to port.o(.text) for vPortEnterCritical
    dynamic.o(.text) refers to dynamic.o(.data) for xSuspendedTestQueue
    pollq.o(.text) refers to queue.o(.text) for xQueueGenericSend
    pollq.o(.text) refers to port.o(.text) for vPortEnterCritical
    pollq.o(.text) refers to tasks.o(.text) for vTaskDelay
    pollq.o(.text) refers to pollq.o(.data) for xPollingProducerCount
    semtest.o(.text) refers to port.o(.text) for vPortEnterCritical
    semtest.o(.text) refers to queue.o(.text) for xQueueGenericReceive
    semtest.o(.text) refers to tasks.o(.text) for vTaskDelay
    semtest.o(.text) refers to portasm.o(PORT_ASM) for vPortYield
    semtest.o(.text) refers to heap_2.o(.text) for pvPortMalloc
    semtest.o(.text) refers to semtest.o(.data) for sNextCheckVariable
    rt_memcpy.o(.text) refers to rt_memcpy_w.o(.text) for __aeabi_memcpy4
    aeabi_sdiv.o(.text_udiv) refers to aeabi_sdiv.o(.text) for __arm_div2
    aeabi_sdiv_div0.o(.text_udiv) refers to aeabi_sdiv_div0.o(.text) for __arm_div2
    __main.o(!!!main) refers to __rtentry.o(.ARM.Collect$$rtentry$$00000000) for __rt_entry
    __rtentry.o(.ARM.Collect$$rtentry$$00000000) refers (Special) to __rtentry2.o(.ARM.Collect$$rtentry$$0000000A) for __rt_entry_li
    __rtentry.o(.ARM.Collect$$rtentry$$00000000) refers (Special) to __rtentry2.o(.ARM.Collect$$rtentry$$0000000D) for __rt_entry_main
    __rtentry.o(.ARM.Collect$$rtentry$$00000000) refers (Special) to __rtentry2.o(.ARM.Collect$$rtentry$$0000000C) for __rt_entry_postli_1
    __rtentry.o(.ARM.Collect$$rtentry$$00000000) refers (Special) to __rtentry2.o(.ARM.Collect$$rtentry$$00000009) for __rt_entry_postsh_1
    __rtentry.o(.ARM.Collect$$rtentry$$00000000) refers (Special) to __rtentry2.o(.ARM.Collect$$rtentry$$00000002) for __rt_entry_presh_1
    __rtentry.o(.ARM.Collect$$rtentry$$00000000) refers (Special) to __rtentry4.o(.ARM.Collect$$rtentry$$00000004) for __rt_entry_sh
    aeabi_idiv0_sigfpe.o(.text) refers to rt_div0.o(.text) for __rt_div0
    __rtentry2.o(.ARM.Collect$$rtentry$$00000008) refers to boardinit2.o(.text) for _platform_post_stackheap_init
    __rtentry2.o(.ARM.Collect$$rtentry$$0000000A) refers to libinit.o(.ARM.Collect$$libinit$$00000000) for __rt_lib_init
    __rtentry2.o(.ARM.Collect$$rtentry$$0000000B) refers to boardinit3.o(.text) for _platform_post_lib_init
    __rtentry2.o(.ARM.Collect$$rtentry$$0000000D) refers to exit.o(.text) for exit
    __rtentry2.o(.ARM.Collect$$rtentry$$0000000D) refers to main.o(.text) for main
    __rtentry2.o(.ARM.exidx) refers to __rtentry2.o(.ARM.Collect$$rtentry$$00000001) for .ARM.Collect$$rtentry$$00000001
    __rtentry2.o(.ARM.exidx) refers to __rtentry2.o(.ARM.Collect$$rtentry$$00000008) for .ARM.Collect$$rtentry$$00000008
    __rtentry2.o(.ARM.exidx) refers to __rtentry2.o(.ARM.Collect$$rtentry$$0000000A) for .ARM.Collect$$rtentry$$0000000A
    __rtentry2.o(.ARM.exidx) refers to __rtentry2.o(.ARM.Collect$$rtentry$$0000000B) for .ARM.Collect$$rtentry$$0000000B
    __rtentry2.o(.ARM.exidx) refers to __rtentry2.o(.ARM.Collect$$rtentry$$0000000D) for .ARM.Collect$$rtentry$$0000000D
    __rtentry4.o(.ARM.Collect$$rtentry$$00000004) refers to sys_stackheap_outer.o(.text) for __user_setup_stackheap
    __rtentry4.o(.ARM.exidx) refers to __rtentry4.o(.ARM.Collect$$rtentry$$00000004) for .ARM.Collect$$rtentry$$00000004
    rt_div0.o(.text) refers to defsig_fpe_outer.o(.text) for __rt_SIGFPE
    sys_stackheap_outer.o(.text) refers to libspace.o(.text) for __user_perproc_libspace
    sys_stackheap_outer.o(.text) refers to startup.o(.text) for __user_initial_stackheap
    exit.o(.text) refers to rtexit.o(.ARM.Collect$$rtexit$$00000000) for __rt_exit
    defsig_fpe_outer.o(.text) refers to defsig_fpe_inner.o(.text) for __rt_SIGFPE_inner
    defsig_fpe_outer.o(.text) refers to defsig_exit.o(.text) for __sig_exit
    defsig_fpe_formal.o(.text) refers to rt_raise.o(.text) for __rt_raise
    libinit.o(.ARM.Collect$$libinit$$00000000) refers (Special) to libinit2.o(.ARM.Collect$$libinit$$0000002E) for __rt_lib_init_alloca_1
    libinit.o(.ARM.Collect$$libinit$$00000000) refers (Special) to libinit2.o(.ARM.Collect$$libinit$$0000002C) for __rt_lib_init_argv_1
    libinit.o(.ARM.Collect$$libinit$$00000000) refers (Special) to libinit2.o(.ARM.Collect$$libinit$$0000001B) for __rt_lib_init_atexit_1
    libinit.o(.ARM.Collect$$libinit$$00000000) refers (Special) to libinit2.o(.ARM.Collect$$libinit$$00000021) for __rt_lib_init_clock_1
    libinit.o(.ARM.Collect$$libinit$$00000000) refers (Special) to libinit2.o(.ARM.Collect$$libinit$$00000032) for __rt_lib_init_cpp_1
    libinit.o(.ARM.Collect$$libinit$$00000000) refers (Special) to libinit2.o(.ARM.Collect$$libinit$$00000030) for __rt_lib_init_exceptions_1
    libinit.o(.ARM.Collect$$libinit$$00000000) refers (Special) to libinit2.o(.ARM.Collect$$libinit$$00000002) for __rt_lib_init_fp_1
    libinit.o(.ARM.Collect$$libinit$$00000000) refers (Special) to libinit2.o(.ARM.Collect$$libinit$$0000001F) for __rt_lib_init_fp_trap_1
    libinit.o(.ARM.Collect$$libinit$$00000000) refers (Special) to libinit2.o(.ARM.Collect$$libinit$$00000023) for __rt_lib_init_getenv_1
    libinit.o(.ARM.Collect$$libinit$$00000000) refers (Special) to libinit2.o(.ARM.Collect$$libinit$$0000000A) for __rt_lib_init_heap_1
    libinit.o(.ARM.Collect$$libinit$$00000000) refers (Special) to libinit2.o(.ARM.Collect$$libinit$$00000011) for __rt_lib_init_lc_collate_1
    libinit.o(.ARM.Collect$$libinit$$00000000) refers (Special) to libinit2.o(.ARM.Collect$$libinit$$00000013) for __rt_lib_init_lc_ctype_1
    libinit.o(.ARM.Collect$$libinit$$00000000) refers (Special) to libinit2.o(.ARM.Collect$$libinit$$00000015) for __rt_lib_init_lc_monetary_1
    libinit.o(.ARM.Collect$$libinit$$00000000) refers (Special) to libinit2.o(.ARM.Collect$$libinit$$00000017) for __rt_lib_init_lc_numeric_1
    libinit.o(.ARM.Collect$$libinit$$00000000) refers (Special) to libinit2.o(.ARM.Collect$$libinit$$00000019) for __rt_lib_init_lc_time_1
    libinit.o(.ARM.Collect$$libinit$$00000000) refers (Special) to libinit2.o(.ARM.Collect$$libinit$$00000004) for __rt_lib_init_preinit_1
    libinit.o(.ARM.Collect$$libinit$$00000000) refers (Special) to libinit2.o(.ARM.Collect$$libinit$$0000000E) for __rt_lib_init_rand_1
    libinit.o(.ARM.Collect$$libinit$$00000000) refers (Special) to libinit2.o(.ARM.Collect$$libinit$$00000033) for __rt_lib_init_return
    libinit.o(.ARM.Collect$$libinit$$00000000) refers (Special) to libinit2.o(.ARM.Collect$$libinit$$0000001D) for __rt_lib_init_signal_1
    libinit.o(.ARM.Collect$$libinit$$00000000) refers (Special) to libinit2.o(.ARM.Collect$$libinit$$00000025) for __rt_lib_init_stdio_1
    libinit.o(.ARM.Collect$$libinit$$00000000) refers (Special) to libinit2.o(.ARM.Collect$$libinit$$0000000C) for __rt_lib_init_user_alloc_1
    libspace.o(.text) refers to libspace.o(.bss) for __libspace_start
    rtexit.o(.ARM.Collect$$rtexit$$00000000) refers (Special) to rtexit2.o(.ARM.Collect$$rtexit$$00000004) for __rt_exit_exit
    rtexit.o(.ARM.Collect$$rtexit$$00000000) refers (Special) to rtexit2.o(.ARM.Collect$$rtexit$$00000003) for __rt_exit_ls
    rtexit.o(.ARM.Collect$$rtexit$$00000000) refers (Special) to rtexit2.o(.ARM.Collect$$rtexit$$00000002) for __rt_exit_prels_1
    rtexit.o(.ARM.exidx) refers (Special) to rtexit2.o(.ARM.Collect$$rtexit$$00000004) for __rt_exit_exit
    rtexit.o(.ARM.exidx) refers (Special) to rtexit2.o(.ARM.Collect$$rtexit$$00000003) for __rt_exit_ls
    rtexit.o(.ARM.exidx) refers (Special) to rtexit2.o(.ARM.Collect$$rtexit$$00000002) for __rt_exit_prels_1
    rtexit.o(.ARM.exidx) refers to rtexit.o(.ARM.Collect$$rtexit$$00000000) for .ARM.Collect$$rtexit$$00000000
    rt_raise.o(.text) refers to __raise.o(.text) for __raise
    rt_raise.o(.text) refers to sys_exit.o(.text) for _sys_exit
    defsig_exit.o(.text) refers to sys_exit.o(.text) for _sys_exit
    defsig_fpe_inner.o(.text) refers to defsig_general.o(.text) for __default_signal_display
    libinit2.o(.ARM.Collect$$libinit$$00000001) refers to fpinit.o(x$fpl$fpinit) for _fp_init
    libinit2.o(.ARM.Collect$$libinit$$00000010) refers to libinit2.o(.ARM.Collect$$libinit$$0000000F) for .ARM.Collect$$libinit$$0000000F
    libinit2.o(.ARM.Collect$$libinit$$00000012) refers to libinit2.o(.ARM.Collect$$libinit$$0000000F) for .ARM.Collect$$libinit$$0000000F
    libinit2.o(.ARM.Collect$$libinit$$00000014) refers to libinit2.o(.ARM.Collect$$libinit$$0000000F) for .ARM.Collect$$libinit$$0000000F
    libinit2.o(.ARM.Collect$$libinit$$00000016) refers to libinit2.o(.ARM.Collect$$libinit$$0000000F) for .ARM.Collect$$libinit$$0000000F
    libinit2.o(.ARM.Collect$$libinit$$00000018) refers to libinit2.o(.ARM.Collect$$libinit$$0000000F) for .ARM.Collect$$libinit$$0000000F
    libinit2.o(.ARM.Collect$$libinit$$00000026) refers to argv_veneer.o(.emb_text) for __ARM_argv_veneer
    libinit2.o(.ARM.Collect$$libinit$$00000027) refers to argv_veneer.o(.emb_text) for __ARM_argv_veneer
    sys_exit.o(.text) refers (Special) to use_no_semi.o(.text) for __I$use$semihosting
    sys_exit.o(.text) refers (Special) to indicate_semi.o(.text) for __semihosting_library_function
    rtexit2.o(.ARM.Collect$$rtexit$$00000003) refers to libshutdown.o(.ARM.Collect$$libshutdown$$00000000) for __rt_lib_shutdown
    rtexit2.o(.ARM.Collect$$rtexit$$00000004) refers to sys_exit.o(.text) for _sys_exit
    rtexit2.o(.ARM.exidx) refers to rtexit2.o(.ARM.Collect$$rtexit$$00000001) for .ARM.Collect$$rtexit$$00000001
    rtexit2.o(.ARM.exidx) refers to rtexit2.o(.ARM.Collect$$rtexit$$00000003) for .ARM.Collect$$rtexit$$00000003
    rtexit2.o(.ARM.exidx) refers to rtexit2.o(.ARM.Collect$$rtexit$$00000004) for .ARM.Collect$$rtexit$$00000004
    __raise.o(.text) refers to __raise.o(i.__ARM_common_call_via_r2) for __ARM_common_call_via_r2
    __raise.o(.text) refers to defsig.o(CL$$defsig) for __default_signal_handler
    defsig_general.o(.text) refers to sys_wrch.o(.text) for _ttywrch
    argv_veneer.o(.emb_text) refers to no_argv.o(.text) for __ARM_get_argv
    sys_wrch.o(.text) refers (Special) to use_no_semi.o(.text) for __I$use$semihosting
    sys_wrch.o(.text) refers (Special) to indicate_semi.o(.text) for __semihosting_library_function
    defsig.o(CL$$defsig) refers to defsig_fpe_inner.o(.text) for __rt_SIGFPE_inner
    defsig.o(CL$$defsig) refers to defsig_rtmem_inner.o(.text) for __rt_SIGRTMEM_inner
    _get_argv_nomalloc.o(.text) refers (Special) to hrguard.o(.text) for __heap_region$guard
    _get_argv_nomalloc.o(.text) refers to defsig_rtmem_outer.o(.text) for __rt_SIGRTMEM
    _get_argv_nomalloc.o(.text) refers to sys_command.o(.text) for _sys_command_string
    libshutdown.o(.ARM.Collect$$libshutdown$$00000000) refers (Special) to libshutdown2.o(.ARM.Collect$$libshutdown$$00000002) for __rt_lib_shutdown_cpp_1
    libshutdown.o(.ARM.Collect$$libshutdown$$00000000) refers (Special) to libshutdown2.o(.ARM.Collect$$libshutdown$$00000007) for __rt_lib_shutdown_fp_trap_1
    libshutdown.o(.ARM.Collect$$libshutdown$$00000000) refers (Special) to libshutdown2.o(.ARM.Collect$$libshutdown$$0000000F) for __rt_lib_shutdown_heap_1
    libshutdown.o(.ARM.Collect$$libshutdown$$00000000) refers (Special) to libshutdown2.o(.ARM.Collect$$libshutdown$$00000010) for __rt_lib_shutdown_return
    libshutdown.o(.ARM.Collect$$libshutdown$$00000000) refers (Special) to libshutdown2.o(.ARM.Collect$$libshutdown$$0000000A) for __rt_lib_shutdown_signal_1
    libshutdown.o(.ARM.Collect$$libshutdown$$00000000) refers (Special) to libshutdown2.o(.ARM.Collect$$libshutdown$$00000004) for __rt_lib_shutdown_stdio_1
    libshutdown.o(.ARM.Collect$$libshutdown$$00000000) refers (Special) to libshutdown2.o(.ARM.Collect$$libshutdown$$0000000C) for __rt_lib_shutdown_user_alloc_1
    sys_command.o(.text) refers (Special) to use_no_semi.o(.text) for __I$use$semihosting
    sys_command.o(.text) refers (Special) to indicate_semi.o(.text) for __semihosting_library_function
    defsig_abrt_inner.o(.text) refers to defsig_general.o(.text) for __default_signal_display
    defsig_rtred_inner.o(.text) refers to defsig_general.o(.text) for __default_signal_display
    defsig_rtmem_inner.o(.text) refers to defsig_general.o(.text) for __default_signal_display
    defsig_rtmem_outer.o(.text) refers to defsig_rtmem_inner.o(.text) for __rt_SIGRTMEM_inner
    defsig_rtmem_outer.o(.text) refers to defsig_exit.o(.text) for __sig_exit
    defsig_rtmem_formal.o(.text) refers to rt_raise.o(.text) for __rt_raise
    defsig_stak_inner.o(.text) refers to defsig_general.o(.text) for __default_signal_display
    defsig_pvfn_inner.o(.text) refers to defsig_general.o(.text) for __default_signal_display
    defsig_cppl_inner.o(.text) refers to defsig_general.o(.text) for __default_signal_display
    defsig_segv_inner.o(.text) refers to defsig_general.o(.text) for __default_signal_display
    defsig_other.o(.text) refers to defsig_general.o(.text) for __default_signal_display


==============================================================================

Adding Veneers to the image

    Adding AT veneer (8 bytes, Inline) for call to '__rt_lib_init' from __rtentry2.o(.ARM.Collect$$rtentry$$0000000A).
    Adding AT veneer (8 bytes, Inline) for call to '__rt_lib_shutdown' from rtexit2.o(.ARM.Collect$$rtexit$$00000003).
    Adding TA veneer (4 bytes, Inline) for call to '__rt_exit' from exit.o(.text).
    Adding TA veneer (4 bytes, Inline) for call to '__aeabi_memcpy' from queue.o(.text).
    Adding AT veneer (8 bytes, Inline) for call to '_sys_exit' from rtexit2.o(.ARM.Collect$$rtexit$$00000004).
    Adding TA veneer (4 bytes, Inline) for call to '__aeabi_uidivmod' from serial.o(.text).
    Adding TA veneer (4 bytes, Inline) for call to 'vPortStartFirstTask' from port.o(.text).
    Adding TA veneer (8 bytes, Short) for call to 'vPortYield' from tasks.o(.text).
    Adding TA veneer (4 bytes, Inline) for call to '__ARM_common_disable_irq' from tasks.o(.text).
    Adding TA veneer (4 bytes, Inline) for call to '__ARM_common_enable_irq' from port.o(.text).
    Adding TA veneer (4 bytes, Inline) for call to '__ARM_common_switch8' from tasks.o(.text).

11 Veneer(s) (total 60 bytes) added to the image.

==============================================================================

Image Symbol Table

    Local Symbols

    Symbol Name                              Value     Ov Type        Size  Object(Section)

    RESET                                    0x00000000   Section      260  startup.o(RESET)
    ../clib/angel/boardlib.s                 0x00000000   Number         0  boardshut.o ABSOLUTE
    ../clib/angel/boardlib.s                 0x00000000   Number         0  boardinit1.o ABSOLUTE
    ../clib/angel/boardlib.s                 0x00000000   Number         0  boardinit2.o ABSOLUTE
    ../clib/angel/boardlib.s                 0x00000000   Number         0  boardinit3.o ABSOLUTE
    ../clib/angel/handlers.s                 0x00000000   Number         0  __scatter_zi.o ABSOLUTE
    ../clib/angel/handlers.s                 0x00000000   Number         0  __scatter_copy.o ABSOLUTE
    ../clib/angel/kernel.s                   0x00000000   Number         0  __rtentry4.o ABSOLUTE
    ../clib/angel/kernel.s                   0x00000000   Number         0  rtexit.o ABSOLUTE
    ../clib/angel/kernel.s                   0x00000000   Number         0  rtexit2.o ABSOLUTE
    ../clib/angel/kernel.s                   0x00000000   Number         0  __rtentry.o ABSOLUTE
    ../clib/angel/kernel.s                   0x00000000   Number         0  __rtentry2.o ABSOLUTE
    ../clib/angel/rt.s                       0x00000000   Number         0  rt_raise.o ABSOLUTE
    ../clib/angel/rt.s                       0x00000000   Number         0  rt_div0.o ABSOLUTE
    ../clib/angel/rt.s                       0x00000000   Number         0  aeabi_idiv0.o ABSOLUTE
    ../clib/angel/rt.s                       0x00000000   Number         0  aeabi_idiv0_sigfpe.o ABSOLUTE
    ../clib/angel/scatter.s                  0x00000000   Number         0  __scatter.o ABSOLUTE
    ../clib/angel/startup.s                  0x00000000   Number         0  __main.o ABSOLUTE
    ../clib/angel/sys.s                      0x00000000   Number         0  libspace.o ABSOLUTE
    ../clib/angel/sys.s                      0x00000000   Number         0  sys_stackheap_outer.o ABSOLUTE
    ../clib/angel/sys.s                      0x00000000   Number         0  indicate_semi.o ABSOLUTE
    ../clib/angel/sys.s                      0x00000000   Number         0  use_no_semi.o ABSOLUTE
    ../clib/angel/sysapp.c                   0x00000000   Number         0  sys_wrch.o ABSOLUTE
    ../clib/angel/sysapp.c                   0x00000000   Number         0  sys_exit.o ABSOLUTE
    ../clib/angel/sysapp.c                   0x00000000   Number         0  sys_command.o ABSOLUTE
    ../clib/armsys.c                         0x00000000   Number         0  argv_veneer.o ABSOLUTE
    ../clib/armsys.c                         0x00000000   Number         0  _get_argv_nomalloc.o ABSOLUTE
    ../clib/armsys.c                         0x00000000   Number         0  no_argv.o ABSOLUTE
    ../clib/armsys.c                         0x00000000   Number         0  argv_veneer.o ABSOLUTE
    ../clib/division.s                       0x00000000   Number         0  aeabi_sdiv_div0.o ABSOLUTE
    ../clib/division.s                       0x00000000   Number         0  aeabi_sdiv.o ABSOLUTE
    ../clib/divrt.s                          0x00000000   Number         0  divrt_7tdmi_div0.o ABSOLUTE
    ../clib/divrt.s                          0x00000000   Number         0  divrt_7tdmi.o ABSOLUTE
    ../clib/heapalloc.c                      0x00000000   Number         0  hrguard.o ABSOLUTE
    ../clib/heapaux.c                        0x00000000   Number         0  heapauxi.o ABSOLUTE
    ../clib/libinit.s                        0x00000000   Number         0  libshutdown2.o ABSOLUTE
    ../clib/libinit.s                        0x00000000   Number         0  libinit.o ABSOLUTE
    ../clib/libinit.s                        0x00000000   Number         0  libshutdown.o ABSOLUTE
    ../clib/libinit.s                        0x00000000   Number         0  libinit2.o ABSOLUTE
    ../clib/memcpset.s                       0x00000000   Number         0  rt_memcpy_w.o ABSOLUTE
    ../clib/memcpset.s                       0x00000000   Number         0  rt_memcpy.o ABSOLUTE
    ../clib/signal.c                         0x00000000   Number         0  defsig_rtmem_formal.o ABSOLUTE
    ../clib/signal.c                         0x00000000   Number         0  defsig_rtmem_outer.o ABSOLUTE
    ../clib/signal.c                         0x00000000   Number         0  defsig_rtmem_inner.o ABSOLUTE
    ../clib/signal.c                         0x00000000   Number         0  defsig_rtred_inner.o ABSOLUTE
    ../clib/signal.c                         0x00000000   Number         0  defsig_abrt_inner.o ABSOLUTE
    ../clib/signal.c                         0x00000000   Number         0  defsig_pvfn_inner.o ABSOLUTE
    ../clib/signal.c                         0x00000000   Number         0  defsig_fpe_outer.o ABSOLUTE
    ../clib/signal.c                         0x00000000   Number         0  __raise.o ABSOLUTE
    ../clib/signal.c                         0x00000000   Number         0  defsig_general.o ABSOLUTE
    ../clib/signal.c                         0x00000000   Number         0  defsig_fpe_formal.o ABSOLUTE
    ../clib/signal.c                         0x00000000   Number         0  defsig_segv_inner.o ABSOLUTE
    ../clib/signal.c                         0x00000000   Number         0  defsig_other.o ABSOLUTE
    ../clib/signal.c                         0x00000000   Number         0  defsig_exit.o ABSOLUTE
    ../clib/signal.c                         0x00000000   Number         0  defsig_cppl_inner.o ABSOLUTE
    ../clib/signal.c                         0x00000000   Number         0  defsig_stak_inner.o ABSOLUTE
    ../clib/signal.c                         0x00000000   Number         0  defsig_fpe_inner.o ABSOLUTE
    ../clib/signal.s                         0x00000000   Number         0  defsig.o ABSOLUTE
    ../clib/stdlib.c                         0x00000000   Number         0  exit.o ABSOLUTE
    ../fplib/fpinit.s                        0x00000000   Number         0  fpinit.o ABSOLUTE
    ..\..\Source\list.c                      0x00000000   Number         0  list.o ABSOLUTE
    ..\..\Source\portable\MemMang\heap_2.c   0x00000000   Number         0  heap_2.o ABSOLUTE
    ..\..\Source\portable\RVDS\ARM7_LPC21xx\port.c 0x00000000   Number         0  port.o ABSOLUTE
    ..\..\Source\portable\RVDS\ARM7_LPC21xx\portASM.s 0x00000000   Number         0  portasm.o ABSOLUTE
    ..\..\Source\queue.c                     0x00000000   Number         0  queue.o ABSOLUTE
    ..\..\Source\tasks.c                     0x00000000   Number         0  tasks.o ABSOLUTE
    ..\Common\Minimal\BlockQ.c               0x00000000   Number         0  blockq.o ABSOLUTE
    ..\Common\Minimal\PollQ.c                0x00000000   Number         0  pollq.o ABSOLUTE
    ..\Common\Minimal\comtest.c              0x00000000   Number         0  comtest.o ABSOLUTE
    ..\Common\Minimal\dynamic.c              0x00000000   Number         0  dynamic.o ABSOLUTE
    ..\Common\Minimal\flash.c                0x00000000   Number         0  flash.o ABSOLUTE
    ..\Common\Minimal\semtest.c              0x00000000   Number         0  semtest.o ABSOLUTE
    ParTest\ParTest.c                        0x00000000   Number         0  partest.o ABSOLUTE
    Startup.s                                0x00000000   Number         0  startup.o ABSOLUTE
    dc.s                                     0x00000000   Number         0  dc.o ABSOLUTE
    main.c                                   0x00000000   Number         0  main.o ABSOLUTE
    serial\serial.c                          0x00000000   Number         0  serial.o ABSOLUTE
    serial\serialISR.s                       0x00000000   Number         0  serialisr.o ABSOLUTE
    Undef_Handler                            0x00000040   ARM Code       4  startup.o(RESET)
    PAbt_Handler                             0x00000048   ARM Code       4  startup.o(RESET)
    DAbt_Handler                             0x0000004c   ARM Code       4  startup.o(RESET)
    IRQ_Handler                              0x00000050   ARM Code       4  startup.o(RESET)
    FIQ_Handler                              0x00000054   ARM Code       4  startup.o(RESET)
    !!!main                                  0x00000104   Section        8  __main.o(!!!main)
    !!!scatter                               0x0000010c   Section       60  __scatter.o(!!!scatter)
    !!handler_copy                           0x00000148   Section       40  __scatter_copy.o(!!handler_copy)
    !!handler_zi                             0x00000170   Section       44  __scatter_zi.o(!!handler_zi)
    .ARM.Collect$$libinit$$00000000          0x000001a4   Section        2  libinit.o(.ARM.Collect$$libinit$$00000000)
    .ARM.Collect$$libinit$$00000002          0x000001a6   Section        0  libinit2.o(.ARM.Collect$$libinit$$00000002)
    .ARM.Collect$$libinit$$00000004          0x000001a6   Section        0  libinit2.o(.ARM.Collect$$libinit$$00000004)
    .ARM.Collect$$libinit$$0000000A          0x000001a6   Section        0  libinit2.o(.ARM.Collect$$libinit$$0000000A)
    .ARM.Collect$$libinit$$0000000C          0x000001a6   Section        0  libinit2.o(.ARM.Collect$$libinit$$0000000C)
    .ARM.Collect$$libinit$$0000000E          0x000001a6   Section        0  libinit2.o(.ARM.Collect$$libinit$$0000000E)
    .ARM.Collect$$libinit$$00000011          0x000001a6   Section        0  libinit2.o(.ARM.Collect$$libinit$$00000011)
    .ARM.Collect$$libinit$$00000013          0x000001a6   Section        0  libinit2.o(.ARM.Collect$$libinit$$00000013)
    .ARM.Collect$$libinit$$00000015          0x000001a6   Section        0  libinit2.o(.ARM.Collect$$libinit$$00000015)
    .ARM.Collect$$libinit$$00000017          0x000001a6   Section        0  libinit2.o(.ARM.Collect$$libinit$$00000017)
    .ARM.Collect$$libinit$$00000019          0x000001a6   Section        0  libinit2.o(.ARM.Collect$$libinit$$00000019)
    .ARM.Collect$$libinit$$0000001B          0x000001a6   Section        0  libinit2.o(.ARM.Collect$$libinit$$0000001B)
    .ARM.Collect$$libinit$$0000001D          0x000001a6   Section        0  libinit2.o(.ARM.Collect$$libinit$$0000001D)
    .ARM.Collect$$libinit$$0000001F          0x000001a6   Section        0  libinit2.o(.ARM.Collect$$libinit$$0000001F)
    .ARM.Collect$$libinit$$00000021          0x000001a6   Section        0  libinit2.o(.ARM.Collect$$libinit$$00000021)
    .ARM.Collect$$libinit$$00000023          0x000001a6   Section        0  libinit2.o(.ARM.Collect$$libinit$$00000023)
    .ARM.Collect$$libinit$$00000025          0x000001a6   Section        0  libinit2.o(.ARM.Collect$$libinit$$00000025)
    .ARM.Collect$$libinit$$0000002C          0x000001a6   Section        0  libinit2.o(.ARM.Collect$$libinit$$0000002C)
    .ARM.Collect$$libinit$$0000002E          0x000001a6   Section        0  libinit2.o(.ARM.Collect$$libinit$$0000002E)
    .ARM.Collect$$libinit$$00000030          0x000001a6   Section        0  libinit2.o(.ARM.Collect$$libinit$$00000030)
    .ARM.Collect$$libinit$$00000032          0x000001a6   Section        0  libinit2.o(.ARM.Collect$$libinit$$00000032)
    .ARM.Collect$$libinit$$00000033          0x000001a6   Section       12  libinit2.o(.ARM.Collect$$libinit$$00000033)
    .ARM.Collect$$libshutdown$$00000000      0x000001bc   Section        4  libshutdown.o(.ARM.Collect$$libshutdown$$00000000)
    .ARM.Collect$$libshutdown$$00000002      0x000001c0   Section        0  libshutdown2.o(.ARM.Collect$$libshutdown$$00000002)
    .ARM.Collect$$libshutdown$$00000004      0x000001c0   Section        0  libshutdown2.o(.ARM.Collect$$libshutdown$$00000004)
    .ARM.Collect$$libshutdown$$00000007      0x000001c0   Section        0  libshutdown2.o(.ARM.Collect$$libshutdown$$00000007)
    .ARM.Collect$$libshutdown$$0000000A      0x000001c0   Section        0  libshutdown2.o(.ARM.Collect$$libshutdown$$0000000A)
    .ARM.Collect$$libshutdown$$0000000C      0x000001c0   Section        0  libshutdown2.o(.ARM.Collect$$libshutdown$$0000000C)
    .ARM.Collect$$libshutdown$$0000000F      0x000001c0   Section        0  libshutdown2.o(.ARM.Collect$$libshutdown$$0000000F)
    .ARM.Collect$$libshutdown$$00000010      0x000001c0   Section        6  libshutdown2.o(.ARM.Collect$$libshutdown$$00000010)
    .ARM.Collect$$rtentry$$00000000          0x000001c8   Section        0  __rtentry.o(.ARM.Collect$$rtentry$$00000000)
    .ARM.Collect$$rtentry$$00000002          0x000001c8   Section        0  __rtentry2.o(.ARM.Collect$$rtentry$$00000002)
    .ARM.Collect$$rtentry$$00000004          0x000001c8   Section        8  __rtentry4.o(.ARM.Collect$$rtentry$$00000004)
    .ARM.Collect$$rtentry$$00000009          0x000001d0   Section        0  __rtentry2.o(.ARM.Collect$$rtentry$$00000009)
    .ARM.Collect$$rtentry$$0000000A          0x000001d0   Section        4  __rtentry2.o(.ARM.Collect$$rtentry$$0000000A)
    .ARM.Collect$$rtentry$$0000000C          0x000001d4   Section        0  __rtentry2.o(.ARM.Collect$$rtentry$$0000000C)
    .ARM.Collect$$rtentry$$0000000D          0x000001d4   Section       40  __rtentry2.o(.ARM.Collect$$rtentry$$0000000D)
    .ARM.Collect$$rtexit$$00000000           0x00000200   Section        4  rtexit.o(.ARM.Collect$$rtexit$$00000000)
    .ARM.Collect$$rtexit$$00000002           0x00000204   Section        0  rtexit2.o(.ARM.Collect$$rtexit$$00000002)
    .ARM.Collect$$rtexit$$00000003           0x00000204   Section        4  rtexit2.o(.ARM.Collect$$rtexit$$00000003)
    .ARM.Collect$$rtexit$$00000004           0x00000208   Section        8  rtexit2.o(.ARM.Collect$$rtexit$$00000004)
    .text                                    0x00000210   Section       32  startup.o(.text)
    .text                                    0x00000230   Section        0  partest.o(.text)
    .text                                    0x00000280   Section        0  main.o(.text)
    prvCheckOtherTasksAreStillRunning        0x00000281   Thumb Code    62  main.o(.text)
    vErrorChecks                             0x000002bf   Thumb Code    30  main.o(.text)
    prvSetupHardware                         0x000002dd   Thumb Code    44  main.o(.text)
    .text                                    0x00000370   Section        0  serial.o(.text)
    .text                                    0x00000584   Section      148  serialisr.o(.text)
    .text                                    0x00000618   Section        0  tasks.o(.text)
    prvInitialiseTaskLists                   0x00000619   Thumb Code    72  tasks.o(.text)
    prvAddNewTaskToReadyList                 0x00000661   Thumb Code   144  tasks.o(.text)
    prvInitialiseNewTask                     0x000006f1   Thumb Code   136  tasks.o(.text)
    prvResetNextTaskUnblockTime              0x000007d9   Thumb Code    46  tasks.o(.text)
    prvDeleteTCB                             0x00000807   Thumb Code    22  tasks.o(.text)
    prvAddCurrentTaskToDelayedList           0x00000aa9   Thumb Code   104  tasks.o(.text)
    prvTaskIsTaskSuspended                   0x00000d81   Thumb Code    66  tasks.o(.text)
    prvCheckTasksWaitingTermination          0x00000ec1   Thumb Code    94  tasks.o(.text)
    prvIdleTask                              0x00000f1f   Thumb Code    20  tasks.o(.text)
    .text                                    0x000014d0   Section        0  list.o(.text)
    .text                                    0x00001568   Section        0  queue.o(.text)
    prvInitialiseNewQueue                    0x000015e5   Thumb Code    38  queue.o(.text)
    prvUnlockQueue                           0x0000164b   Thumb Code   150  queue.o(.text)
    prvIsQueueFull                           0x000016e1   Thumb Code    34  queue.o(.text)
    prvCopyDataToQueue                       0x00001703   Thumb Code   112  queue.o(.text)
    prvIsQueueEmpty                          0x00001959   Thumb Code    32  queue.o(.text)
    prvCopyDataFromQueue                     0x00001979   Thumb Code    48  queue.o(.text)
    .text                                    0x00001be0   Section        0  port.o(.text)
    prvSetupTimerInterrupt                   0x00001c61   Thumb Code    60  port.o(.text)
    .text                                    0x00001d38   Section        0  heap_2.o(.text)
    prvHeapInit                              0x00001d39   Thumb Code    38  heap_2.o(.text)
    .text                                    0x00001e68   Section        0  flash.o(.text)
    vLEDFlashTask                            0x00001e69   Thumb Code    74  flash.o(.text)
    .text                                    0x00001ee8   Section        0  comtest.o(.text)
    vComRxTask                               0x00001ee9   Thumb Code   126  comtest.o(.text)
    vComTxTask                               0x00001f67   Thumb Code    82  comtest.o(.text)
    .text                                    0x00002038   Section        0  blockq.o(.text)
    vBlockingQueueConsumer                   0x00002039   Thumb Code    70  blockq.o(.text)
    vBlockingQueueProducer                   0x0000207f   Thumb Code    66  blockq.o(.text)
    .text                                    0x00002290   Section        0  dynamic.o(.text)
    vQueueReceiveWhenSuspendedTask           0x00002291   Thumb Code    88  dynamic.o(.text)
    vQueueSendWhenSuspendedTask              0x000022e9   Thumb Code    52  dynamic.o(.text)
    vCounterControlTask                      0x0000231d   Thumb Code   132  dynamic.o(.text)
    vLimitedIncrementTask                    0x000023a1   Thumb Code    32  dynamic.o(.text)
    vContinuousIncrementTask                 0x000023c1   Thumb Code    38  dynamic.o(.text)
    .text                                    0x00002510   Section        0  pollq.o(.text)
    vPolledQueueProducer                     0x00002511   Thumb Code    84  pollq.o(.text)
    vPolledQueueConsumer                     0x00002565   Thumb Code    90  pollq.o(.text)
    .text                                    0x00002648   Section        0  semtest.o(.text)
    prvSemaphoreTest                         0x00002649   Thumb Code   190  semtest.o(.text)
    .text                                    0x00002838   Section      212  rt_memcpy.o(.text)
    .text                                    0x0000290c   Section      384  aeabi_sdiv.o(.text)
    __arm_div8                               0x00002938   ARM Code       0  aeabi_sdiv.o(.text)
    __arm_div5                               0x0000295c   ARM Code       0  aeabi_sdiv.o(.text)
    __arm_div2                               0x00002980   ARM Code       0  aeabi_sdiv.o(.text)
    __arm_div_large                          0x000029bc   ARM Code       0  aeabi_sdiv.o(.text)
    .text                                    0x00002a8c   Section        0  heapauxi.o(.text)
    .text                                    0x00002a94   Section      100  rt_memcpy_w.o(.text)
    .text                                    0x00002af8   Section       96  sys_stackheap_outer.o(.text)
    .text                                    0x00002b58   Section        0  exit.o(.text)
    .text                                    0x00002b6c   Section       12  libspace.o(.text)
    .text                                    0x00002b80   Section        0  sys_exit.o(.text)
    .text                                    0x00002b8c   Section        4  use_no_semi.o(.text)
    .text                                    0x00002b90   Section        0  indicate_semi.o(.text)
    .text_udiv                               0x00002b94   Section       36  aeabi_sdiv.o(.text_udiv)
    PORT_ASM                                 0x00002bbc   Section      396  portasm.o(PORT_ASM)
    i.__ARM_common_disable_irq               0x00002d54   Section        0  tasks.o(i.__ARM_common_disable_irq)
    i.__ARM_common_enable_irq                0x00002d6c   Section        0  port.o(i.__ARM_common_enable_irq)
    i.__ARM_common_switch8                   0x00002d80   Section        0  tasks.o(i.__ARM_common_switch8)
    .data                                    0x40000000   Section       12  serial.o(.data)
    xRxedChars                               0x40000000   Data           4  serial.o(.data)
    xCharsForTx                              0x40000004   Data           4  serial.o(.data)
    lTHREEmpty                               0x40000008   Data           4  serial.o(.data)
    .data                                    0x4000000c   Section       60  tasks.o(.data)
    pxDelayedTaskList                        0x40000010   Data           4  tasks.o(.data)
    pxOverflowDelayedTaskList                0x40000014   Data           4  tasks.o(.data)
    uxDeletedTasksWaitingCleanUp             0x40000018   Data           4  tasks.o(.data)
    uxCurrentNumberOfTasks                   0x4000001c   Data           4  tasks.o(.data)
    xTickCount                               0x40000020   Data           4  tasks.o(.data)
    uxTopReadyPriority                       0x40000024   Data           4  tasks.o(.data)
    xSchedulerRunning                        0x40000028   Data           4  tasks.o(.data)
    uxPendedTicks                            0x4000002c   Data           4  tasks.o(.data)
    xYieldPending                            0x40000030   Data           4  tasks.o(.data)
    xNumOfOverflows                          0x40000034   Data           4  tasks.o(.data)
    uxTaskNumber                             0x40000038   Data           4  tasks.o(.data)
    xNextTaskUnblockTime                     0x4000003c   Data           4  tasks.o(.data)
    xIdleTaskHandle                          0x40000040   Data           4  tasks.o(.data)
    uxSchedulerSuspended                     0x40000044   Data           4  tasks.o(.data)
    .data                                    0x40000048   Section        4  port.o(.data)
    .data                                    0x4000004c   Section       24  heap_2.o(.data)
    xStart                                   0x4000004c   Data           8  heap_2.o(.data)
    xEnd                                     0x40000054   Data           8  heap_2.o(.data)
    xFreeBytesRemaining                      0x4000005c   Data           4  heap_2.o(.data)
    xHeapHasBeenInitialised                  0x40000060   Data           4  heap_2.o(.data)
    .data                                    0x40000064   Section        4  flash.o(.data)
    uxFlashTaskNumber                        0x40000064   Data           4  flash.o(.data)
    .data                                    0x40000068   Section       12  comtest.o(.data)
    xPort                                    0x40000068   Data           4  comtest.o(.data)
    uxBaseLED                                0x4000006c   Data           4  comtest.o(.data)
    uxRxLoops                                0x40000070   Data           4  comtest.o(.data)
    .data                                    0x40000074   Section       24  blockq.o(.data)
    sBlockingConsumerCount                   0x40000074   Data           6  blockq.o(.data)
    sBlockingProducerCount                   0x4000007a   Data           6  blockq.o(.data)
    sLastBlockingConsumerCount               0x40000080   Data           6  blockq.o(.data)
    sLastBlockingProducerCount               0x40000086   Data           6  blockq.o(.data)
    .data                                    0x4000008c   Section       44  dynamic.o(.data)
    xContinuousIncrementHandle               0x4000008c   Data           4  dynamic.o(.data)
    xLimitedIncrementHandle                  0x40000090   Data           4  dynamic.o(.data)
    ulCounter                                0x40000094   Data           4  dynamic.o(.data)
    usCheckVariable                          0x40000098   Data           2  dynamic.o(.data)
    xSuspendedQueueSendError                 0x4000009c   Data           4  dynamic.o(.data)
    xSuspendedQueueReceiveError              0x400000a0   Data           4  dynamic.o(.data)
    ulExpectedValue                          0x400000a8   Data           4  dynamic.o(.data)
    ulValueToSend                            0x400000ac   Data           4  dynamic.o(.data)
    usLastTaskCheck                          0x400000b0   Data           2  dynamic.o(.data)
    ulLastExpectedValue                      0x400000b4   Data           4  dynamic.o(.data)
    .data                                    0x400000b8   Section       12  pollq.o(.data)
    xPollingConsumerCount                    0x400000b8   Data           4  pollq.o(.data)
    xPollingProducerCount                    0x400000bc   Data           4  pollq.o(.data)
    xPolledQueue                             0x400000c0   Data           4  pollq.o(.data)
    .data                                    0x400000c4   Section       18  semtest.o(.data)
    sCheckVariables                          0x400000c4   Data           8  semtest.o(.data)
    sNextCheckVariable                       0x400000cc   Data           2  semtest.o(.data)
    sLastCheckVariables                      0x400000ce   Data           8  semtest.o(.data)
    .bss                                     0x400000d8   Section      180  tasks.o(.bss)
    pxReadyTasksLists                        0x400000d8   Data          80  tasks.o(.bss)
    xDelayedTaskList1                        0x40000128   Data          20  tasks.o(.bss)
    xDelayedTaskList2                        0x4000013c   Data          20  tasks.o(.bss)
    xPendingReadyList                        0x40000150   Data          20  tasks.o(.bss)
    xTasksWaitingTermination                 0x40000164   Data          20  tasks.o(.bss)
    xSuspendedTaskList                       0x40000178   Data          20  tasks.o(.bss)
    .bss                                     0x4000018c   Section    13312  heap_2.o(.bss)
    ucHeap                                   0x4000018c   Data       13312  heap_2.o(.bss)
    .bss                                     0x4000358c   Section       96  libspace.o(.bss)
    HEAP                                     0x400035f0   Section        0  startup.o(HEAP)
    STACK                                    0x400035f0   Section     1568  startup.o(STACK)
    Heap_Mem                                 0x400035f0   Data           0  startup.o(HEAP)
    Stack_Mem                                0x400035f0   Data        1568  startup.o(STACK)
    Stack_Top                                0x40003c10   Data           0  startup.o(STACK)

    Global Symbols

    Symbol Name                              Value     Ov Type        Size  Object(Section)

    BuildAttributes$$THM_ISAv1$ARM_ISAv4$S$PE$A:L22$X:L11$S22$IEEE1$IW$USESV6$~STKCKD$USESV7$~SHL$OSPACE$ROPI$EBA8$UX$STANDARDLIB$REQ8$PRES8$EABIv2 0x00000000   Number         0  anon$$obj.o ABSOLUTE
    __ARM_use_no_argv                        0x00000000   Number         0  main.o ABSOLUTE
    __ARM_exceptions_init                     - Undefined Weak Reference
    __alloca_initialize                       - Undefined Weak Reference
    __arm_preinit_                            - Undefined Weak Reference
    __cpp_initialize__aeabi_                  - Undefined Weak Reference
    __cxa_finalize                            - Undefined Weak Reference
    __rt_locale                               - Undefined Weak Reference
    __sigvec_lookup                           - Undefined Weak Reference
    _atexit_init                              - Undefined Weak Reference
    _call_atexit_fns                          - Undefined Weak Reference
    _clock_init                               - Undefined Weak Reference
    _fp_trap_init                             - Undefined Weak Reference
    _fp_trap_shutdown                         - Undefined Weak Reference
    _get_lc_collate                           - Undefined Weak Reference
    _get_lc_ctype                             - Undefined Weak Reference
    _get_lc_monetary                          - Undefined Weak Reference
    _get_lc_numeric                           - Undefined Weak Reference
    _get_lc_time                              - Undefined Weak Reference
    _getenv_init                              - Undefined Weak Reference
    _handle_redirection                       - Undefined Weak Reference
    _init_alloc                               - Undefined Weak Reference
    _init_user_alloc                          - Undefined Weak Reference
    _initio                                   - Undefined Weak Reference
    _rand_init                                - Undefined Weak Reference
    _signal_finish                            - Undefined Weak Reference
    _signal_init                              - Undefined Weak Reference
    _terminate_alloc                          - Undefined Weak Reference
    _terminate_user_alloc                     - Undefined Weak Reference
    _terminateio                              - Undefined Weak Reference
    Reset_Handler                            0x00000058   ARM Code       0  startup.o(RESET)
    __main                                   0x00000104   ARM Code       8  __main.o(!!!main)
    __scatterload                            0x0000010c   ARM Code       0  __scatter.o(!!!scatter)
    __scatterload_rt2                        0x0000010c   ARM Code      52  __scatter.o(!!!scatter)
    __scatterload_null                       0x00000120   ARM Code       0  __scatter.o(!!!scatter)
    __scatterload_copy                       0x00000148   ARM Code      40  __scatter_copy.o(!!handler_copy)
    __scatterload_zeroinit                   0x00000170   ARM Code      44  __scatter_zi.o(!!handler_zi)
    Inline ARM to Thumb Veneer to __rt_lib_init 0x0000019c   ARM Code       8  libinit.o(.ARM.Collect$$libinit$$00000000)
    __rt_lib_init                            0x000001a5   Thumb Code     0  libinit.o(.ARM.Collect$$libinit$$00000000)
    __rt_lib_init_alloca_1                   0x000001a7   Thumb Code     0  libinit2.o(.ARM.Collect$$libinit$$0000002E)
    __rt_lib_init_argv_1                     0x000001a7   Thumb Code     0  libinit2.o(.ARM.Collect$$libinit$$0000002C)
    __rt_lib_init_atexit_1                   0x000001a7   Thumb Code     0  libinit2.o(.ARM.Collect$$libinit$$0000001B)
    __rt_lib_init_clock_1                    0x000001a7   Thumb Code     0  libinit2.o(.ARM.Collect$$libinit$$00000021)
    __rt_lib_init_cpp_1                      0x000001a7   Thumb Code     0  libinit2.o(.ARM.Collect$$libinit$$00000032)
    __rt_lib_init_exceptions_1               0x000001a7   Thumb Code     0  libinit2.o(.ARM.Collect$$libinit$$00000030)
    __rt_lib_init_fp_1                       0x000001a7   Thumb Code     0  libinit2.o(.ARM.Collect$$libinit$$00000002)
    __rt_lib_init_fp_trap_1                  0x000001a7   Thumb Code     0  libinit2.o(.ARM.Collect$$libinit$$0000001F)
    __rt_lib_init_getenv_1                   0x000001a7   Thumb Code     0  libinit2.o(.ARM.Collect$$libinit$$00000023)
    __rt_lib_init_heap_1                     0x000001a7   Thumb Code     0  libinit2.o(.ARM.Collect$$libinit$$0000000A)
    __rt_lib_init_lc_collate_1               0x000001a7   Thumb Code     0  libinit2.o(.ARM.Collect$$libinit$$00000011)
    __rt_lib_init_lc_ctype_1                 0x000001a7   Thumb Code     0  libinit2.o(.ARM.Collect$$libinit$$00000013)
    __rt_lib_init_lc_monetary_1              0x000001a7   Thumb Code     0  libinit2.o(.ARM.Collect$$libinit$$00000015)
    __rt_lib_init_lc_numeric_1               0x000001a7   Thumb Code     0  libinit2.o(.ARM.Collect$$libinit$$00000017)
    __rt_lib_init_lc_time_1                  0x000001a7   Thumb Code     0  libinit2.o(.ARM.Collect$$libinit$$00000019)
    __rt_lib_init_preinit_1                  0x000001a7   Thumb Code     0  libinit2.o(.ARM.Collect$$libinit$$00000004)
    __rt_lib_init_rand_1                     0x000001a7   Thumb Code     0  libinit2.o(.ARM.Collect$$libinit$$0000000E)
    __rt_lib_init_return                     0x000001a7   Thumb Code     0  libinit2.o(.ARM.Collect$$libinit$$00000033)
    __rt_lib_init_signal_1                   0x000001a7   Thumb Code     0  libinit2.o(.ARM.Collect$$libinit$$0000001D)
    __rt_lib_init_stdio_1                    0x000001a7   Thumb Code     0  libinit2.o(.ARM.Collect$$libinit$$00000025)
    __rt_lib_init_user_alloc_1               0x000001a7   Thumb Code     0  libinit2.o(.ARM.Collect$$libinit$$0000000C)
    Inline ARM to Thumb Veneer to __rt_lib_shutdown 0x000001b4   ARM Code       8  libshutdown.o(.ARM.Collect$$libshutdown$$00000000)
    __rt_lib_shutdown                        0x000001bd   Thumb Code     0  libshutdown.o(.ARM.Collect$$libshutdown$$00000000)
    __rt_lib_shutdown_cpp_1                  0x000001c1   Thumb Code     0  libshutdown2.o(.ARM.Collect$$libshutdown$$00000002)
    __rt_lib_shutdown_fp_trap_1              0x000001c1   Thumb Code     0  libshutdown2.o(.ARM.Collect$$libshutdown$$00000007)
    __rt_lib_shutdown_heap_1                 0x000001c1   Thumb Code     0  libshutdown2.o(.ARM.Collect$$libshutdown$$0000000F)
    __rt_lib_shutdown_return                 0x000001c1   Thumb Code     0  libshutdown2.o(.ARM.Collect$$libshutdown$$00000010)
    __rt_lib_shutdown_signal_1               0x000001c1   Thumb Code     0  libshutdown2.o(.ARM.Collect$$libshutdown$$0000000A)
    __rt_lib_shutdown_stdio_1                0x000001c1   Thumb Code     0  libshutdown2.o(.ARM.Collect$$libshutdown$$00000004)
    __rt_lib_shutdown_user_alloc_1           0x000001c1   Thumb Code     0  libshutdown2.o(.ARM.Collect$$libshutdown$$0000000C)
    __rt_entry                               0x000001c8   ARM Code       0  __rtentry.o(.ARM.Collect$$rtentry$$00000000)
    __rt_entry_presh_1                       0x000001c8   ARM Code       0  __rtentry2.o(.ARM.Collect$$rtentry$$00000002)
    __rt_entry_sh                            0x000001c8   ARM Code       0  __rtentry4.o(.ARM.Collect$$rtentry$$00000004)
    __rt_entry_li                            0x000001d0   ARM Code       0  __rtentry2.o(.ARM.Collect$$rtentry$$0000000A)
    __rt_entry_postsh_1                      0x000001d0   ARM Code       0  __rtentry2.o(.ARM.Collect$$rtentry$$00000009)
    __rt_entry_main                          0x000001d4   ARM Code       0  __rtentry2.o(.ARM.Collect$$rtentry$$0000000D)
    __rt_entry_postli_1                      0x000001d4   ARM Code       0  __rtentry2.o(.ARM.Collect$$rtentry$$0000000C)
    Inline Thumb to ARM Veneer to __rt_exit  0x000001fd   Thumb Code     4  rtexit.o(.ARM.Collect$$rtexit$$00000000)
    __rt_exit                                0x00000200   ARM Code       0  rtexit.o(.ARM.Collect$$rtexit$$00000000)
    __rt_exit_ls                             0x00000204   ARM Code       0  rtexit2.o(.ARM.Collect$$rtexit$$00000003)
    __rt_exit_prels_1                        0x00000204   ARM Code       0  rtexit2.o(.ARM.Collect$$rtexit$$00000002)
    __rt_exit_exit                           0x00000208   ARM Code       0  rtexit2.o(.ARM.Collect$$rtexit$$00000004)
    __user_initial_stackheap                 0x00000210   ARM Code       0  startup.o(.text)
    vParTestInitialise                       0x00000231   Thumb Code     2  partest.o(.text)
    vParTestSetLED                           0x00000233   Thumb Code    32  partest.o(.text)
    vParTestToggleLED                        0x00000253   Thumb Code    40  partest.o(.text)
    main                                     0x00000309   Thumb Code    74  main.o(.text)
    xSerialPortInitMinimal                   0x00000371   Thumb Code   172  serial.o(.text)
    xSerialGetChar                           0x0000041d   Thumb Code    38  serial.o(.text)
    xSerialPutChar                           0x00000443   Thumb Code   100  serial.o(.text)
    vSerialPutString                         0x000004a7   Thumb Code    38  serial.o(.text)
    vUART_ISRHandler                         0x000004cd   Thumb Code   146  serial.o(.text)
    vUART_ISREntry                           0x00000584   ARM Code       0  serialisr.o(.text)
    xTaskCreate                              0x00000779   Thumb Code    96  tasks.o(.text)
    vTaskDelete                              0x0000081d   Thumb Code   130  tasks.o(.text)
    xTaskIncrementTick                       0x0000089f   Thumb Code   246  tasks.o(.text)
    xTaskResumeAll                           0x00000995   Thumb Code   276  tasks.o(.text)
    vTaskSuspendAll                          0x00000b11   Thumb Code    12  tasks.o(.text)
    vTaskDelayUntil                          0x00000b1d   Thumb Code    96  tasks.o(.text)
    vTaskDelay                               0x00000b7d   Thumb Code    42  tasks.o(.text)
    uxTaskPriorityGet                        0x00000ba7   Thumb Code    36  tasks.o(.text)
    uxTaskPriorityGetFromISR                 0x00000bcb   Thumb Code    26  tasks.o(.text)
    vTaskPrioritySet                         0x00000be5   Thumb Code   188  tasks.o(.text)
    vTaskSwitchContext                       0x00000ca1   Thumb Code    98  tasks.o(.text)
    vTaskSuspend                             0x00000d03   Thumb Code   126  tasks.o(.text)
    vTaskResume                              0x00000dc3   Thumb Code    96  tasks.o(.text)
    xTaskResumeFromISR                       0x00000e23   Thumb Code   158  tasks.o(.text)
    vTaskStartScheduler                      0x00000f33   Thumb Code    60  tasks.o(.text)
    vTaskEndScheduler                        0x00000f6f   Thumb Code    22  tasks.o(.text)
    xTaskGetTickCount                        0x00000f85   Thumb Code    22  tasks.o(.text)
    xTaskGetTickCountFromISR                 0x00000f9b   Thumb Code     8  tasks.o(.text)
    uxTaskGetNumberOfTasks                   0x00000fa3   Thumb Code     6  tasks.o(.text)
    pcTaskGetName                            0x00000fa9   Thumb Code    22  tasks.o(.text)
    vTaskPlaceOnEventList                    0x00000fbf   Thumb Code    32  tasks.o(.text)
    vTaskPlaceOnUnorderedEventList           0x00000fdf   Thumb Code    46  tasks.o(.text)
    xTaskRemoveFromEventList                 0x0000100d   Thumb Code   106  tasks.o(.text)
    xTaskRemoveFromUnorderedEventList        0x00001077   Thumb Code    92  tasks.o(.text)
    vTaskSetTimeOutState                     0x000010d3   Thumb Code    14  tasks.o(.text)
    xTaskCheckForTimeOut                     0x000010e1   Thumb Code    90  tasks.o(.text)
    vTaskMissedYield                         0x0000113b   Thumb Code     8  tasks.o(.text)
    uxTaskResetEventItemValue                0x00001143   Thumb Code    24  tasks.o(.text)
    ulTaskNotifyTake                         0x0000115b   Thumb Code   106  tasks.o(.text)
    xTaskNotifyWait                          0x000011c5   Thumb Code   142  tasks.o(.text)
    xTaskGenericNotify                       0x00001253   Thumb Code   236  tasks.o(.text)
    xTaskGenericNotifyFromISR                0x0000133f   Thumb Code   200  tasks.o(.text)
    vTaskNotifyGiveFromISR                   0x00001407   Thumb Code   122  tasks.o(.text)
    xTaskNotifyStateClear                    0x00001481   Thumb Code    54  tasks.o(.text)
    vListInitialise                          0x000014d1   Thumb Code    26  list.o(.text)
    vListInitialiseItem                      0x000014eb   Thumb Code     6  list.o(.text)
    vListInsertEnd                           0x000014f1   Thumb Code    24  list.o(.text)
    vListInsert                              0x00001509   Thumb Code    56  list.o(.text)
    uxListRemove                             0x00001541   Thumb Code    40  list.o(.text)
    xQueueGenericReset                       0x00001569   Thumb Code   124  queue.o(.text)
    xQueueGenericCreate                      0x0000160b   Thumb Code    64  queue.o(.text)
    xQueueGenericSend                        0x00001773   Thumb Code   256  queue.o(.text)
    xQueueGenericSendFromISR                 0x00001873   Thumb Code   122  queue.o(.text)
    xQueueGiveFromISR                        0x000018ed   Thumb Code   108  queue.o(.text)
    xQueueGenericReceive                     0x000019a9   Thumb Code   298  queue.o(.text)
    xQueueReceiveFromISR                     0x00001ad3   Thumb Code   118  queue.o(.text)
    xQueuePeekFromISR                        0x00001b49   Thumb Code    44  queue.o(.text)
    uxQueueMessagesWaiting                   0x00001b75   Thumb Code    22  queue.o(.text)
    uxQueueSpacesAvailable                   0x00001b8b   Thumb Code    28  queue.o(.text)
    uxQueueMessagesWaitingFromISR            0x00001ba7   Thumb Code     6  queue.o(.text)
    vQueueDelete                             0x00001bad   Thumb Code    18  queue.o(.text)
    xQueueIsQueueEmptyFromISR                0x00001bbf   Thumb Code    16  queue.o(.text)
    xQueueIsQueueFullFromISR                 0x00001bcf   Thumb Code    18  queue.o(.text)
    pxPortInitialiseStack                    0x00001be1   Thumb Code   128  port.o(.text)
    xPortStartScheduler                      0x00001c9d   Thumb Code    18  port.o(.text)
    vPortEndScheduler                        0x00001caf   Thumb Code     2  port.o(.text)
    vPortEnterCritical                       0x00001cb1   Thumb Code    22  port.o(.text)
    vPortExitCritical                        0x00001cc7   Thumb Code    38  port.o(.text)
    pvPortMalloc                             0x00001d5f   Thumb Code   170  heap_2.o(.text)
    vPortFree                                0x00001e09   Thumb Code    62  heap_2.o(.text)
    xPortGetFreeHeapSize                     0x00001e47   Thumb Code     6  heap_2.o(.text)
    vPortInitialiseBlocks                    0x00001e4d   Thumb Code     2  heap_2.o(.text)
    vStartLEDFlashTasks                      0x00001eb3   Thumb Code    38  flash.o(.text)
    vAltStartComTestTasks                    0x00001fb9   Thumb Code    64  comtest.o(.text)
    xAreComTestTasksStillRunning             0x00001ff9   Thumb Code    22  comtest.o(.text)
    vStartBlockingQueueTasks                 0x000020c1   Thumb Code   314  blockq.o(.text)
    xAreBlockingQueuesStillRunning           0x000021fb   Thumb Code    78  blockq.o(.text)
    vStartDynamicPriorityTasks               0x000023e7   Thumb Code   124  dynamic.o(.text)
    xAreDynamicPriorityTasksStillRunning     0x00002463   Thumb Code    68  dynamic.o(.text)
    vStartPolledQueueTasks                   0x000025bf   Thumb Code    68  pollq.o(.text)
    xArePollingQueuesStillRunning            0x00002603   Thumb Code    34  pollq.o(.text)
    vStartSemaphoreTasks                     0x00002707   Thumb Code   202  semtest.o(.text)
    xAreSemaphoreTasksStillRunning           0x000027d1   Thumb Code    48  semtest.o(.text)
    Inline Thumb to ARM Veneer to __aeabi_memcpy 0x00002835   Thumb Code     4  rt_memcpy.o(.text)
    __aeabi_memcpy                           0x00002838   ARM Code       0  rt_memcpy.o(.text)
    __rt_memcpy                              0x00002838   ARM Code     212  rt_memcpy.o(.text)
    _memcpy_lastbytes                        0x000028ec   ARM Code       0  rt_memcpy.o(.text)
    __aeabi_idiv                             0x0000290c   ARM Code       0  aeabi_sdiv.o(.text)
    __aeabi_idivmod                          0x0000290c   ARM Code     384  aeabi_sdiv.o(.text)
    __use_two_region_memory                  0x00002a8d   Thumb Code     2  heapauxi.o(.text)
    __rt_heap_escrow$2region                 0x00002a8f   Thumb Code     2  heapauxi.o(.text)
    __rt_heap_expand$2region                 0x00002a91   Thumb Code     2  heapauxi.o(.text)
    __aeabi_memcpy4                          0x00002a94   ARM Code       0  rt_memcpy_w.o(.text)
    __aeabi_memcpy8                          0x00002a94   ARM Code       0  rt_memcpy_w.o(.text)
    __rt_memcpy_w                            0x00002a94   ARM Code     100  rt_memcpy_w.o(.text)
    _memcpy_lastbytes_aligned                0x00002ae0   ARM Code       0  rt_memcpy_w.o(.text)
    __user_setup_stackheap                   0x00002af8   ARM Code      96  sys_stackheap_outer.o(.text)
    exit                                     0x00002b59   Thumb Code    20  exit.o(.text)
    __user_libspace                          0x00002b6c   ARM Code      12  libspace.o(.text)
    __user_perproc_libspace                  0x00002b6c   ARM Code       0  libspace.o(.text)
    __user_perthread_libspace                0x00002b6c   ARM Code       0  libspace.o(.text)
    Inline ARM to Thumb Veneer to _sys_exit  0x00002b78   ARM Code       8  sys_exit.o(.text)
    _sys_exit                                0x00002b81   Thumb Code     8  sys_exit.o(.text)
    __I$use$semihosting                      0x00002b8c   ARM Code       0  use_no_semi.o(.text)
    __use_no_semihosting_swi                 0x00002b8c   ARM Code       4  use_no_semi.o(.text)
    Inline Thumb to ARM Veneer to __aeabi_uidivmod 0x00002b91   Thumb Code     4  aeabi_sdiv.o(.text_udiv)
    __semihosting_library_function           0x00002b90   ARM Code       0  indicate_semi.o(.text)
    __aeabi_uidiv                            0x00002b94   ARM Code       0  aeabi_sdiv.o(.text_udiv)
    __aeabi_uidivmod                         0x00002b94   ARM Code      36  aeabi_sdiv.o(.text_udiv)
    Inline Thumb to ARM Veneer to vPortStartFirstTask 0x00002bb9   Thumb Code     4  portasm.o(PORT_ASM)
    vPortStartFirstTask                      0x00002bbc   ARM Code       0  portasm.o(PORT_ASM)
    vPortYield                               0x00002bec   ARM Code       0  portasm.o(PORT_ASM)
    vPortYieldProcessor                      0x00002bf4   ARM Code       0  portasm.o(PORT_ASM)
    vPreemptiveTick                          0x00002c80   ARM Code       0  portasm.o(PORT_ASM)
    Short Thumb to ARM Veneer to vPortYield  0x00002d49   Thumb Code     8  anon$$obj.o(Veneer$$Code)
    Inline Thumb to ARM Veneer to __ARM_common_disable_irq 0x00002d51   Thumb Code     4  tasks.o(i.__ARM_common_disable_irq)
    __ARM_common_disable_irq                 0x00002d54   ARM Code      20  tasks.o(i.__ARM_common_disable_irq)
    Inline Thumb to ARM Veneer to __ARM_common_enable_irq 0x00002d69   Thumb Code     4  port.o(i.__ARM_common_enable_irq)
    __ARM_common_enable_irq                  0x00002d6c   ARM Code      16  port.o(i.__ARM_common_enable_irq)
    Inline Thumb to ARM Veneer to __ARM_common_switch8 0x00002d7d   Thumb Code     4  tasks.o(i.__ARM_common_switch8)
    __ARM_common_switch8                     0x00002d80   ARM Code      32  tasks.o(i.__ARM_common_switch8)
    Region$$Table$$Base                      0x00002da0   Number         0  anon$$obj.o(Region$$Table)
    Region$$Table$$Limit                     0x00002dc0   Number         0  anon$$obj.o(Region$$Table)
    pxCurrentTCB                             0x4000000c   Data           4  tasks.o(.data)
    ulCriticalNesting                        0x40000048   Data           4  port.o(.data)
    xSuspendedTestQueue                      0x400000a4   Data           4  dynamic.o(.data)
    __libspace_start                         0x4000358c   Data          96  libspace.o(.bss)
    __temporary_stack_top$libspace           0x400035ec   Data           0  libspace.o(.bss)



==============================================================================

Memory Map of the image

  Image Entry point : 0x00000104

  Load Region LR_IROM1 (Base: 0x00000000, Size: 0x00002e98, Max: 0x00080000, ABSOLUTE)

    Execution Region ER_IROM1 (Base: 0x00000000, Size: 0x00002dc0, Max: 0x00080000, ABSOLUTE)

    Base Addr    Size         Type   Attr      Idx    E Section Name        Object

    0x00000000   0x00000104   Code   RO            3    RESET               startup.o
    0x00000104   0x00000008   Code   RO          326  * !!!main             c_t.l(__main.o)
    0x0000010c   0x0000003c   Code   RO          497    !!!scatter          c_t.l(__scatter.o)
    0x00000148   0x00000028   Code   RO          499    !!handler_copy      c_t.l(__scatter_copy.o)
    0x00000170   0x0000002c   Code   RO          501    !!handler_zi        c_t.l(__scatter_zi.o)
    0x0000019c   0x00000008   Ven    RO          365    .ARM.Collect$$libinit$$00000000  c_t.l(libinit.o)
    0x000001a4   0x00000002   Code   RO          365    .ARM.Collect$$libinit$$00000000  c_t.l(libinit.o)
    0x000001a6   0x00000000   Code   RO          378    .ARM.Collect$$libinit$$00000002  c_t.l(libinit2.o)
    0x000001a6   0x00000000   Code   RO          380    .ARM.Collect$$libinit$$00000004  c_t.l(libinit2.o)
    0x000001a6   0x00000000   Code   RO          383    .ARM.Collect$$libinit$$0000000A  c_t.l(libinit2.o)
    0x000001a6   0x00000000   Code   RO          385    .ARM.Collect$$libinit$$0000000C  c_t.l(libinit2.o)
    0x000001a6   0x00000000   Code   RO          387    .ARM.Collect$$libinit$$0000000E  c_t.l(libinit2.o)
    0x000001a6   0x00000000   Code   RO          390    .ARM.Collect$$libinit$$00000011  c_t.l(libinit2.o)
    0x000001a6   0x00000000   Code   RO          392    .ARM.Collect$$libinit$$00000013  c_t.l(libinit2.o)
    0x000001a6   0x00000000   Code   RO          394    .ARM.Collect$$libinit$$00000015  c_t.l(libinit2.o)
    0x000001a6   0x00000000   Code   RO          396    .ARM.Collect$$libinit$$00000017  c_t.l(libinit2.o)
    0x000001a6   0x00000000   Code   RO          398    .ARM.Collect$$libinit$$00000019  c_t.l(libinit2.o)
    0x000001a6   0x00000000   Code   RO          400    .ARM.Collect$$libinit$$0000001B  c_t.l(libinit2.o)
    0x000001a6   0x00000000   Code   RO          402    .ARM.Collect$$libinit$$0000001D  c_t.l(libinit2.o)
    0x000001a6   0x00000000   Code   RO          404    .ARM.Collect$$libinit$$0000001F  c_t.l(libinit2.o)
    0x000001a6   0x00000000   Code   RO          406    .ARM.Collect$$libinit$$00000021  c_t.l(libinit2.o)
    0x000001a6   0x00000000   Code   RO          408    .ARM.Collect$$libinit$$00000023  c_t.l(libinit2.o)
    0x000001a6   0x00000000   Code   RO          410    .ARM.Collect$$libinit$$00000025  c_t.l(libinit2.o)
    0x000001a6   0x00000000   Code   RO          414    .ARM.Collect$$libinit$$0000002C  c_t.l(libinit2.o)
    0x000001a6   0x00000000   Code   RO          416    .ARM.Collect$$libinit$$0000002E  c_t.l(libinit2.o)
    0x000001a6   0x00000000   Code   RO          418    .ARM.Collect$$libinit$$00000030  c_t.l(libinit2.o)
    0x000001a6   0x00000000   Code   RO          420    .ARM.Collect$$libinit$$00000032  c_t.l(libinit2.o)
    0x000001a6   0x0000000c   Code   RO          421    .ARM.Collect$$libinit$$00000033  c_t.l(libinit2.o)
    0x000001b2   0x00000002   PAD
    0x000001b4   0x00000008   Ven    RO          454    .ARM.Collect$$libshutdown$$00000000  c_t.l(libshutdown.o)
    0x000001bc   0x00000004   Code   RO          454    .ARM.Collect$$libshutdown$$00000000  c_t.l(libshutdown.o)
    0x000001c0   0x00000000   Code   RO          480    .ARM.Collect$$libshutdown$$00000002  c_t.l(libshutdown2.o)
    0x000001c0   0x00000000   Code   RO          482    .ARM.Collect$$libshutdown$$00000004  c_t.l(libshutdown2.o)
    0x000001c0   0x00000000   Code   RO          485    .ARM.Collect$$libshutdown$$00000007  c_t.l(libshutdown2.o)
    0x000001c0   0x00000000   Code   RO          488    .ARM.Collect$$libshutdown$$0000000A  c_t.l(libshutdown2.o)
    0x000001c0   0x00000000   Code   RO          490    .ARM.Collect$$libshutdown$$0000000C  c_t.l(libshutdown2.o)
    0x000001c0   0x00000000   Code   RO          493    .ARM.Collect$$libshutdown$$0000000F  c_t.l(libshutdown2.o)
    0x000001c0   0x00000006   Code   RO          494    .ARM.Collect$$libshutdown$$00000010  c_t.l(libshutdown2.o)
    0x000001c6   0x00000002   PAD
    0x000001c8   0x00000000   Code   RO          328    .ARM.Collect$$rtentry$$00000000  c_t.l(__rtentry.o)
    0x000001c8   0x00000000   Code   RO          336    .ARM.Collect$$rtentry$$00000002  c_t.l(__rtentry2.o)
    0x000001c8   0x00000008   Code   RO          348    .ARM.Collect$$rtentry$$00000004  c_t.l(__rtentry4.o)
    0x000001d0   0x00000000   Code   RO          338    .ARM.Collect$$rtentry$$00000009  c_t.l(__rtentry2.o)
    0x000001d0   0x00000004   Code   RO          339    .ARM.Collect$$rtentry$$0000000A  c_t.l(__rtentry2.o)
    0x000001d4   0x00000000   Code   RO          341    .ARM.Collect$$rtentry$$0000000C  c_t.l(__rtentry2.o)
    0x000001d4   0x00000028   Code   RO          342    .ARM.Collect$$rtentry$$0000000D  c_t.l(__rtentry2.o)
    0x000001fc   0x00000004   Ven    RO          369    .ARM.Collect$$rtexit$$00000000  c_t.l(rtexit.o)
    0x00000200   0x00000004   Code   RO          369    .ARM.Collect$$rtexit$$00000000  c_t.l(rtexit.o)
    0x00000204   0x00000000   Code   RO          425    .ARM.Collect$$rtexit$$00000002  c_t.l(rtexit2.o)
    0x00000204   0x00000004   Code   RO          426    .ARM.Collect$$rtexit$$00000003  c_t.l(rtexit2.o)
    0x00000208   0x00000008   Code   RO          427    .ARM.Collect$$rtexit$$00000004  c_t.l(rtexit2.o)
    0x00000210   0x00000020   Code   RO            4    .text               startup.o
    0x00000230   0x00000050   Code   RO           11    .text               partest.o
    0x00000280   0x000000f0   Code   RO           57    .text               main.o
    0x00000370   0x00000214   Code   RO          105    .text               serial.o
    0x00000584   0x00000094   Code   RO          122    .text               serialisr.o
    0x00000618   0x00000eb8   Code   RO          125    .text               tasks.o
    0x000014d0   0x00000098   Code   RO          154    .text               list.o
    0x00001568   0x00000678   Code   RO          166    .text               queue.o
    0x00001be0   0x00000158   Code   RO          178    .text               port.o
    0x00001d38   0x00000130   Code   RO          195    .text               heap_2.o
    0x00001e68   0x00000080   Code   RO          213    .text               flash.o
    0x00001ee8   0x00000150   Code   RO          227    .text               comtest.o
    0x00002038   0x00000258   Code   RO          244    .text               blockq.o
    0x00002290   0x00000280   Code   RO          258    .text               dynamic.o
    0x00002510   0x00000138   Code   RO          276    .text               pollq.o
    0x00002648   0x000001ec   Code   RO          290    .text               semtest.o
    0x00002834   0x00000004   Ven    RO          306    .text               c_t.l(rt_memcpy.o)
    0x00002838   0x000000d4   Code   RO          306    .text               c_t.l(rt_memcpy.o)
    0x0000290c   0x00000180   Code   RO          308    .text               c_t.l(aeabi_sdiv.o)
    0x00002a8c   0x00000006   Code   RO          324    .text               c_t.l(heapauxi.o)
    0x00002a92   0x00000002   PAD
    0x00002a94   0x00000064   Code   RO          333    .text               c_t.l(rt_memcpy_w.o)
    0x00002af8   0x00000060   Code   RO          352    .text               c_t.l(sys_stackheap_outer.o)
    0x00002b58   0x00000014   Code   RO          354    .text               c_t.l(exit.o)
    0x00002b6c   0x0000000c   Code   RO          366    .text               c_t.l(libspace.o)
    0x00002b78   0x00000008   Ven    RO          422    .text               c_t.l(sys_exit.o)
    0x00002b80   0x0000000c   Code   RO          422    .text               c_t.l(sys_exit.o)
    0x00002b8c   0x00000004   Code   RO          443    .text               c_t.l(use_no_semi.o)
    0x00002b90   0x00000000   Code   RO          445    .text               c_t.l(indicate_semi.o)
    0x00002b90   0x00000004   Ven    RO          309    .text_udiv          c_t.l(aeabi_sdiv.o)
    0x00002b94   0x00000024   Code   RO          309    .text_udiv          c_t.l(aeabi_sdiv.o)
    0x00002bb8   0x00000004   Ven    RO          210    PORT_ASM            portasm.o
    0x00002bbc   0x0000018c   Code   RO          210    PORT_ASM            portasm.o
    0x00002d48   0x00000008   Ven    RO          513    Veneer$$Code        anon$$obj.o
    0x00002d50   0x00000004   Ven    RO          140    i.__ARM_common_disable_irq  tasks.o
    0x00002d54   0x00000014   Code   RO          140    i.__ARM_common_disable_irq  tasks.o
    0x00002d68   0x00000004   Ven    RO          190    i.__ARM_common_enable_irq  port.o
    0x00002d6c   0x00000010   Code   RO          190    i.__ARM_common_enable_irq  port.o
    0x00002d7c   0x00000004   Ven    RO          138    i.__ARM_common_switch8  tasks.o
    0x00002d80   0x00000020   Code   RO          138    i.__ARM_common_switch8  tasks.o
    0x00002da0   0x00000020   Data   RO          495    Region$$Table       anon$$obj.o


    Execution Region RW_IRAM1 (Base: 0x40000000, Size: 0x00003c10, Max: 0x00008000, ABSOLUTE)

    Base Addr    Size         Type   Attr      Idx    E Section Name        Object

    0x40000000   0x0000000c   Data   RW          106    .data               serial.o
    0x4000000c   0x0000003c   Data   RW          127    .data               tasks.o
    0x40000048   0x00000004   Data   RW          179    .data               port.o
    0x4000004c   0x00000018   Data   RW          197    .data               heap_2.o
    0x40000064   0x00000004   Data   RW          214    .data               flash.o
    0x40000068   0x0000000c   Data   RW          228    .data               comtest.o
    0x40000074   0x00000018   Data   RW          245    .data               blockq.o
    0x4000008c   0x0000002c   Data   RW          259    .data               dynamic.o
    0x400000b8   0x0000000c   Data   RW          277    .data               pollq.o
    0x400000c4   0x00000012   Data   RW          291    .data               semtest.o
    0x400000d6   0x00000002   PAD
    0x400000d8   0x000000b4   Zero   RW          126    .bss                tasks.o
    0x4000018c   0x00003400   Zero   RW          196    .bss                heap_2.o
    0x4000358c   0x00000060   Zero   RW          367    .bss                c_t.l(libspace.o)
    0x400035ec   0x00000004   PAD
    0x400035f0   0x00000000   Zero   RW            2    HEAP                startup.o
    0x400035f0   0x00000620   Zero   RW            1    STACK               startup.o


==============================================================================

Image component sizes


      Code (inc. data)   RO Data    RW Data    ZI Data      Debug   Object Name

       600         72          0         24          0       2874   blockq.o
       336         42          0         12          0       2673   comtest.o
       640        106          0         44          0       5100   dynamic.o
       128         16          0          4          0       1582   flash.o
       304         26          0         24      13312       3220   heap_2.o
       152          0          0          0          0       1830   list.o
       240         30          0          0          0       8667   main.o
        80          6          0          0          0       8902   partest.o
       312         36          0         12          0       2435   pollq.o
       360         76          0          4          0       3039   port.o
       396         24          0          0          0        340   portasm.o
      1656          0          0          0          0      10314   queue.o
       492         52          0         18          0       2622   semtest.o
       532         38          0         12          0       5001   serial.o
       148         12          0          0          0        256   serialisr.o
       292         60          0          0       1568        564   startup.o
      3820        246          0         60        180      19339   tasks.o

    ----------------------------------------------------------------------
     10512        842         32        216      15060      78758   Object Totals
        24          0         32          0          0          0   (incl. Generated)
         0          0          0          2          0          0   (incl. Padding)

    ----------------------------------------------------------------------

      Code (inc. data)   RO Data    RW Data    ZI Data      Debug   Library Member Name

         8          0          0          0          0         68   __main.o
         0          0          0          0          0          0   __rtentry.o
        44          4          0          0          0          0   __rtentry2.o
         8          0          0          0          0          0   __rtentry4.o
        60          8          0          0          0          0   __scatter.o
        40          0          0          0          0          0   __scatter_copy.o
        44          0          0          0          0          0   __scatter_zi.o
       424          0          0          0          0        148   aeabi_sdiv.o
        20          0          0          0          0         80   exit.o
         6          0          0          0          0        136   heapauxi.o
         0          0          0          0          0          0   indicate_semi.o
        10          0          0          0          0          0   libinit.o
        12          0          0          0          0          0   libinit2.o
        12          0          0          0          0          0   libshutdown.o
         6          0          0          0          0          0   libshutdown2.o
        12          4          0          0         96         68   libspace.o
       216          0          0          0          0         68   rt_memcpy.o
       100          0          0          0          0         80   rt_memcpy_w.o
         8          0          0          0          0          0   rtexit.o
        12          0          0          0          0          0   rtexit2.o
        20          4          0          0          0         60   sys_exit.o
        96          0          0          0          0         80   sys_stackheap_outer.o
         4          0          0          0          0         68   use_no_semi.o

    ----------------------------------------------------------------------
      1168         20          0          0        100        856   Library Totals
         6          0          0          0          4          0   (incl. Padding)

    ----------------------------------------------------------------------

      Code (inc. data)   RO Data    RW Data    ZI Data      Debug   Library Name

      1162         20          0          0         96        856   c_t.l

    ----------------------------------------------------------------------
      1168         20          0          0        100        856   Library Totals

    ----------------------------------------------------------------------

==============================================================================


      Code (inc. data)   RO Data    RW Data    ZI Data      Debug   

     11680        862         32        216      15160      78250   Grand Totals
     11680        862         32        216      15160      78250   ELF Image Totals
     11680        862         32        216          0          0   ROM Totals

==============================================================================

    Total RO  Size (Code + RO Data)                11712 (  11.44kB)
    Total RW  Size (RW Data + ZI Data)             15376 (  15.02kB)
    Total ROM Size (Code + RO Data + RW Data)      11928 (  11.65kB)

==============================================================================

