ARM Linker, RVCT4.0 [Build 524] for uVision [Evaluation]

==============================================================================

Section Cross References

    startup.o(STACK) refers (Special) to heapauxi.o(.text) for __use_two_region_memory
    startup.o(HEAP) refers (Special) to heapauxi.o(.text) for __use_two_region_memory
    startup.o(RESET) refers (Special) to heapauxi.o(.text) for __use_two_region_memory
    startup.o(RESET) refers to portasm.o(PORT_ASM) for vPortYieldProcessor
    startup.o(RESET) refers to startup.o(STACK) for Stack_Top
    startup.o(RESET) refers to __main.o(!!!main) for __main
    startup.o(.text) refers (Special) to heapauxi.o(.text) for __use_two_region_memory
    startup.o(.text) refers to startup.o(HEAP) for Heap_Mem
    startup.o(.text) refers to startup.o(STACK) for Stack_Mem
    main.o(.text) refers to queue.o(.text) for xQueueGenericReceive
    main.o(.text) refers to tasks.o(.text) for vTaskDelay
    main.o(.text) refers to main.o(.data) for xcountingsemaphore
    tasks.o(.text) refers to list.o(.text) for vListInitialise
    tasks.o(.text) refers to port.o(.text) for vPortEnterCritical
    tasks.o(.text) refers to portasm.o(PORT_ASM) for vPortYield
    tasks.o(.text) refers to heap_2.o(.text) for pvPortMalloc
    tasks.o(.text) refers to tasks.o(.bss) for .bss
    tasks.o(.text) refers to tasks.o(.data) for .data
    tasks.o(.text) refers to tasks.o(i.__ARM_common_disable_irq) for __ARM_common_disable_irq
    tasks.o(.text) refers to tasks.o(i.__ARM_common_switch8) for __ARM_common_switch8
    queue.o(.text) refers to port.o(.text) for vPortEnterCritical
    queue.o(.text) refers to tasks.o(.text) for xTaskRemoveFromEventList
    queue.o(.text) refers to portasm.o(PORT_ASM) for vPortYield
    queue.o(.text) refers to list.o(.text) for vListInitialise
    queue.o(.text) refers to heap_2.o(.text) for pvPortMalloc
    queue.o(.text) refers to rt_memcpy.o(.text) for __aeabi_memcpy
    port.o(.text) refers to portasm.o(PORT_ASM) for vPortStartFirstTask
    port.o(.text) refers to tasks.o(i.__ARM_common_disable_irq) for __ARM_common_disable_irq
    port.o(.text) refers to port.o(i.__ARM_common_enable_irq) for __ARM_common_enable_irq
    port.o(.text) refers to port.o(.data) for ulCriticalNesting
    heap_2.o(.text) refers to tasks.o(.text) for vTaskSuspendAll
    heap_2.o(.text) refers to heap_2.o(.bss) for .bss
    heap_2.o(.text) refers to heap_2.o(.data) for .data
    portasm.o(PORT_ASM) refers to tasks.o(.data) for pxCurrentTCB
    portasm.o(PORT_ASM) refers to port.o(.data) for ulCriticalNesting
    portasm.o(PORT_ASM) refers to tasks.o(.text) for vTaskSwitchContext
    rt_memcpy.o(.text) refers to rt_memcpy_w.o(.text) for __aeabi_memcpy4
    __main.o(!!!main) refers to rtentry.o(.ARM.Collect$$rtentry$$00000000) for __rt_entry
    rtentry.o(.ARM.Collect$$rtentry$$00000000) refers (Special) to rtentry2.o(.ARM.Collect$$rtentry$$0000000A) for __rt_entry_li
    rtentry.o(.ARM.Collect$$rtentry$$00000000) refers (Special) to rtentry2.o(.ARM.Collect$$rtentry$$0000000D) for __rt_entry_main
    rtentry.o(.ARM.Collect$$rtentry$$00000000) refers (Special) to rtentry2.o(.ARM.Collect$$rtentry$$0000000C) for __rt_entry_postli_1
    rtentry.o(.ARM.Collect$$rtentry$$00000000) refers (Special) to rtentry2.o(.ARM.Collect$$rtentry$$00000009) for __rt_entry_postsh_1
    rtentry.o(.ARM.Collect$$rtentry$$00000000) refers (Special) to rtentry2.o(.ARM.Collect$$rtentry$$00000002) for __rt_entry_presh_1
    rtentry.o(.ARM.Collect$$rtentry$$00000000) refers (Special) to rtentry4.o(.ARM.Collect$$rtentry$$00000004) for __rt_entry_sh
    rtentry.o(.ARM.exidx) refers (Special) to rtentry2.o(.ARM.Collect$$rtentry$$0000000A) for __rt_entry_li
    rtentry.o(.ARM.exidx) refers (Special) to rtentry2.o(.ARM.Collect$$rtentry$$0000000D) for __rt_entry_main
    rtentry.o(.ARM.exidx) refers (Special) to rtentry2.o(.ARM.Collect$$rtentry$$0000000C) for __rt_entry_postli_1
    rtentry.o(.ARM.exidx) refers (Special) to rtentry2.o(.ARM.Collect$$rtentry$$00000009) for __rt_entry_postsh_1
    rtentry.o(.ARM.exidx) refers (Special) to rtentry2.o(.ARM.Collect$$rtentry$$00000002) for __rt_entry_presh_1
    rtentry.o(.ARM.exidx) refers (Special) to rtentry4.o(.ARM.Collect$$rtentry$$00000004) for __rt_entry_sh
    rtentry.o(.ARM.exidx) refers to rtentry.o(.ARM.Collect$$rtentry$$00000000) for .ARM.Collect$$rtentry$$00000000
    rtentry2.o(.ARM.Collect$$rtentry$$00000008) refers to boardinit2.o(.text) for _platform_post_stackheap_init
    rtentry2.o(.ARM.Collect$$rtentry$$0000000A) refers to libinit.o(.ARM.Collect$$libinit$$00000000) for __rt_lib_init
    rtentry2.o(.ARM.Collect$$rtentry$$0000000B) refers to boardinit3.o(.text) for _platform_post_lib_init
    rtentry2.o(.ARM.Collect$$rtentry$$0000000D) refers to exit.o(.text) for exit
    rtentry2.o(.ARM.Collect$$rtentry$$0000000D) refers to main.o(.text) for main
    rtentry2.o(.ARM.exidx) refers to rtentry2.o(.ARM.Collect$$rtentry$$00000001) for .ARM.Collect$$rtentry$$00000001
    rtentry2.o(.ARM.exidx) refers to rtentry2.o(.ARM.Collect$$rtentry$$00000002) for .ARM.Collect$$rtentry$$00000002
    rtentry2.o(.ARM.exidx) refers to rtentry2.o(.ARM.Collect$$rtentry$$00000008) for .ARM.Collect$$rtentry$$00000008
    rtentry2.o(.ARM.exidx) refers to rtentry2.o(.ARM.Collect$$rtentry$$00000009) for .ARM.Collect$$rtentry$$00000009
    rtentry2.o(.ARM.exidx) refers to rtentry2.o(.ARM.Collect$$rtentry$$0000000A) for .ARM.Collect$$rtentry$$0000000A
    rtentry2.o(.ARM.exidx) refers to rtentry2.o(.ARM.Collect$$rtentry$$0000000B) for .ARM.Collect$$rtentry$$0000000B
    rtentry2.o(.ARM.exidx) refers to rtentry2.o(.ARM.Collect$$rtentry$$0000000C) for .ARM.Collect$$rtentry$$0000000C
    rtentry2.o(.ARM.exidx) refers to rtentry2.o(.ARM.Collect$$rtentry$$0000000D) for .ARM.Collect$$rtentry$$0000000D
    rtentry4.o(.ARM.Collect$$rtentry$$00000004) refers to sys_stackheap_outer.o(.text) for __user_setup_stackheap
    rtentry4.o(.ARM.exidx) refers to rtentry4.o(.ARM.Collect$$rtentry$$00000004) for .ARM.Collect$$rtentry$$00000004
    sys_stackheap_outer.o(.text) refers to libspace.o(.text) for __user_perproc_libspace
    sys_stackheap_outer.o(.text) refers to startup.o(.text) for __user_initial_stackheap
    exit.o(.text) refers to rtexit.o(.ARM.Collect$$rtexit$$00000000) for __rt_exit
    libinit.o(.ARM.Collect$$libinit$$00000000) refers (Special) to libinit2.o(.ARM.Collect$$libinit$$0000002A) for __rt_lib_init_alloca_1
    libinit.o(.ARM.Collect$$libinit$$00000000) refers (Special) to libinit2.o(.ARM.Collect$$libinit$$00000028) for __rt_lib_init_argv_1
    libinit.o(.ARM.Collect$$libinit$$00000000) refers (Special) to libinit2.o(.ARM.Collect$$libinit$$00000017) for __rt_lib_init_atexit_1
    libinit.o(.ARM.Collect$$libinit$$00000000) refers (Special) to libinit2.o(.ARM.Collect$$libinit$$0000001D) for __rt_lib_init_clock_1
    libinit.o(.ARM.Collect$$libinit$$00000000) refers (Special) to libinit2.o(.ARM.Collect$$libinit$$0000002E) for __rt_lib_init_cpp_1
    libinit.o(.ARM.Collect$$libinit$$00000000) refers (Special) to libinit2.o(.ARM.Collect$$libinit$$0000002C) for __rt_lib_init_exceptions_1
    libinit.o(.ARM.Collect$$libinit$$00000000) refers (Special) to libinit2.o(.ARM.Collect$$libinit$$0000001B) for __rt_lib_init_fp_trap_1
    libinit.o(.ARM.Collect$$libinit$$00000000) refers (Special) to libinit2.o(.ARM.Collect$$libinit$$0000001F) for __rt_lib_init_getenv_1
    libinit.o(.ARM.Collect$$libinit$$00000000) refers (Special) to libinit2.o(.ARM.Collect$$libinit$$00000006) for __rt_lib_init_heap_1
    libinit.o(.ARM.Collect$$libinit$$00000000) refers (Special) to libinit2.o(.ARM.Collect$$libinit$$0000000D) for __rt_lib_init_lc_collate_1
    libinit.o(.ARM.Collect$$libinit$$00000000) refers (Special) to libinit2.o(.ARM.Collect$$libinit$$0000000F) for __rt_lib_init_lc_ctype_1
    libinit.o(.ARM.Collect$$libinit$$00000000) refers (Special) to libinit2.o(.ARM.Collect$$libinit$$00000011) for __rt_lib_init_lc_monetary_1
    libinit.o(.ARM.Collect$$libinit$$00000000) refers (Special) to libinit2.o(.ARM.Collect$$libinit$$00000013) for __rt_lib_init_lc_numeric_1
    libinit.o(.ARM.Collect$$libinit$$00000000) refers (Special) to libinit2.o(.ARM.Collect$$libinit$$00000015) for __rt_lib_init_lc_time_1
    libinit.o(.ARM.Collect$$libinit$$00000000) refers (Special) to libinit2.o(.ARM.Collect$$libinit$$0000000A) for __rt_lib_init_rand_1
    libinit.o(.ARM.Collect$$libinit$$00000000) refers (Special) to libinit2.o(.ARM.Collect$$libinit$$0000002F) for __rt_lib_init_return
    libinit.o(.ARM.Collect$$libinit$$00000000) refers (Special) to libinit2.o(.ARM.Collect$$libinit$$00000019) for __rt_lib_init_signal_1
    libinit.o(.ARM.Collect$$libinit$$00000000) refers (Special) to libinit2.o(.ARM.Collect$$libinit$$00000021) for __rt_lib_init_stdio_1
    libinit.o(.ARM.Collect$$libinit$$00000000) refers (Special) to libinit2.o(.ARM.Collect$$libinit$$00000008) for __rt_lib_init_user_alloc_1
    libinit.o(.ARM.Collect$$libinit$$00000000) refers to fpinit.o(x$fpl$fpinit) for _fp_init
    libspace.o(.text) refers to libspace.o(.bss) for __libspace_start
    rtexit.o(.ARM.Collect$$rtexit$$00000000) refers (Special) to rtexit2.o(.ARM.Collect$$rtexit$$00000004) for __rt_exit_exit
    rtexit.o(.ARM.Collect$$rtexit$$00000000) refers (Special) to rtexit2.o(.ARM.Collect$$rtexit$$00000003) for __rt_exit_ls
    rtexit.o(.ARM.Collect$$rtexit$$00000000) refers (Special) to rtexit2.o(.ARM.Collect$$rtexit$$00000002) for __rt_exit_prels_1
    rtexit.o(.ARM.exidx) refers (Special) to rtexit2.o(.ARM.Collect$$rtexit$$00000004) for __rt_exit_exit
    rtexit.o(.ARM.exidx) refers (Special) to rtexit2.o(.ARM.Collect$$rtexit$$00000003) for __rt_exit_ls
    rtexit.o(.ARM.exidx) refers (Special) to rtexit2.o(.ARM.Collect$$rtexit$$00000002) for __rt_exit_prels_1
    rtexit.o(.ARM.exidx) refers to rtexit.o(.ARM.Collect$$rtexit$$00000000) for .ARM.Collect$$rtexit$$00000000
    libinit2.o(.ARM.Collect$$libinit$$0000000C) refers to libinit2.o(.ARM.Collect$$libinit$$0000000B) for .ARM.Collect$$libinit$$0000000B
    libinit2.o(.ARM.Collect$$libinit$$0000000E) refers to libinit2.o(.ARM.Collect$$libinit$$0000000B) for .ARM.Collect$$libinit$$0000000B
    libinit2.o(.ARM.Collect$$libinit$$00000010) refers to libinit2.o(.ARM.Collect$$libinit$$0000000B) for .ARM.Collect$$libinit$$0000000B
    libinit2.o(.ARM.Collect$$libinit$$00000012) refers to libinit2.o(.ARM.Collect$$libinit$$0000000B) for .ARM.Collect$$libinit$$0000000B
    libinit2.o(.ARM.Collect$$libinit$$00000014) refers to libinit2.o(.ARM.Collect$$libinit$$0000000B) for .ARM.Collect$$libinit$$0000000B
    libinit2.o(.ARM.Collect$$libinit$$00000022) refers to argv_veneer.o(.emb_text) for __ARM_argv_veneer
    libinit2.o(.ARM.Collect$$libinit$$00000023) refers to argv_veneer.o(.emb_text) for __ARM_argv_veneer
    rtexit2.o(.ARM.Collect$$rtexit$$00000003) refers to libshutdown.o(.ARM.Collect$$libshutdown$$00000000) for __rt_lib_shutdown
    rtexit2.o(.ARM.Collect$$rtexit$$00000004) refers to sys_exit.o(.text) for _sys_exit
    rtexit2.o(.ARM.exidx) refers to rtexit2.o(.ARM.Collect$$rtexit$$00000001) for .ARM.Collect$$rtexit$$00000001
    rtexit2.o(.ARM.exidx) refers to rtexit2.o(.ARM.Collect$$rtexit$$00000002) for .ARM.Collect$$rtexit$$00000002
    rtexit2.o(.ARM.exidx) refers to rtexit2.o(.ARM.Collect$$rtexit$$00000003) for .ARM.Collect$$rtexit$$00000003
    rtexit2.o(.ARM.exidx) refers to rtexit2.o(.ARM.Collect$$rtexit$$00000004) for .ARM.Collect$$rtexit$$00000004
    argv_veneer.o(.emb_text) refers to no_argv.o(.text) for __ARM_get_argv
    sys_exit.o(.text) refers to use_no_semi.o(.text) for __I$use$semihosting
    _get_argv_nomalloc.o(.text) refers (Special) to hrguard.o(.text) for __heap_region$guard
    _get_argv_nomalloc.o(.text) refers to defsig_rtmem_outer.o(.text) for __rt_SIGRTMEM
    _get_argv_nomalloc.o(.text) refers to sys_command.o(.text) for _sys_command_string
    libshutdown.o(.ARM.Collect$$libshutdown$$00000000) refers (Special) to libshutdown2.o(.ARM.Collect$$libshutdown$$00000006) for __rt_lib_shutdown_fp_trap_1
    libshutdown.o(.ARM.Collect$$libshutdown$$00000000) refers (Special) to libshutdown2.o(.ARM.Collect$$libshutdown$$0000000E) for __rt_lib_shutdown_heap_1
    libshutdown.o(.ARM.Collect$$libshutdown$$00000000) refers (Special) to libshutdown2.o(.ARM.Collect$$libshutdown$$0000000F) for __rt_lib_shutdown_return
    libshutdown.o(.ARM.Collect$$libshutdown$$00000000) refers (Special) to libshutdown2.o(.ARM.Collect$$libshutdown$$00000009) for __rt_lib_shutdown_signal_1
    libshutdown.o(.ARM.Collect$$libshutdown$$00000000) refers (Special) to libshutdown2.o(.ARM.Collect$$libshutdown$$00000003) for __rt_lib_shutdown_stdio_1
    libshutdown.o(.ARM.Collect$$libshutdown$$00000000) refers (Special) to libshutdown2.o(.ARM.Collect$$libshutdown$$0000000B) for __rt_lib_shutdown_user_alloc_1
    sys_command.o(.text) refers (Special) to use_no_semi.o(.text) for __I$use$semihosting
    defsig_rtmem_outer.o(.text) refers to defsig_rtmem_inner.o(.text) for __rt_SIGRTMEM_inner
    defsig_rtmem_outer.o(.text) refers to defsig_exit.o(.text) for __sig_exit
    defsig_rtmem_formal.o(.text) refers to rt_raise.o(.text) for __rt_raise
    rt_raise.o(.text) refers to __raise.o(.text) for __raise
    rt_raise.o(.text) refers to sys_exit.o(.text) for _sys_exit
    defsig_exit.o(.text) refers to sys_exit.o(.text) for _sys_exit
    defsig_rtmem_inner.o(.text) refers to defsig_general.o(.text) for __default_signal_display
    __raise.o(.text) refers to defsig.o(CL$$defsig) for __default_signal_handler
    __raise.o(.text) refers to __raise.o(i.__ARM_common_call_via_r2) for __ARM_common_call_via_r2
    defsig_general.o(.text) refers to sys_wrch.o(.text) for _ttywrch
    sys_wrch.o(.text) refers (Special) to use_no_semi.o(.text) for __I$use$semihosting
    defsig.o(CL$$defsig) refers to defsig_rtmem_inner.o(.text) for __rt_SIGRTMEM_inner
    defsig_abrt_inner.o(.text) refers to defsig_general.o(.text) for __default_signal_display
    defsig_fpe_inner.o(.text) refers to defsig_general.o(.text) for __default_signal_display
    defsig_rtred_inner.o(.text) refers to defsig_general.o(.text) for __default_signal_display
    defsig_stak_inner.o(.text) refers to defsig_general.o(.text) for __default_signal_display
    defsig_pvfn_inner.o(.text) refers to defsig_general.o(.text) for __default_signal_display
    defsig_cppl_inner.o(.text) refers to defsig_general.o(.text) for __default_signal_display
    defsig_segv_inner.o(.text) refers to defsig_general.o(.text) for __default_signal_display
    defsig_other.o(.text) refers to defsig_general.o(.text) for __default_signal_display


==============================================================================

Adding Veneers to the image

    Adding AT veneer (8 bytes, Inline) for call to '__rt_lib_init' from rtentry2.o(.ARM.Collect$$rtentry$$0000000A).
    Adding AT veneer (8 bytes, Inline) for call to '__rt_lib_shutdown' from rtexit2.o(.ARM.Collect$$rtexit$$00000003).
    Adding TA veneer (4 bytes, Inline) for call to '__rt_exit' from exit.o(.text).
    Adding TA veneer (4 bytes, Inline) for call to '__aeabi_memcpy' from queue.o(.text).
    Adding TA veneer (4 bytes, Inline) for call to 'vPortStartFirstTask' from port.o(.text).
    Adding TA veneer (8 bytes, Short) for call to 'vPortYield' from tasks.o(.text).
    Adding TA veneer (4 bytes, Inline) for call to '__ARM_common_disable_irq' from tasks.o(.text).
    Adding TA veneer (4 bytes, Inline) for call to '__ARM_common_enable_irq' from port.o(.text).
    Adding TA veneer (4 bytes, Inline) for call to '__ARM_common_switch8' from tasks.o(.text).
    Adding TA veneer (4 bytes, Inline) for call to '_fp_init' from libinit.o(.ARM.Collect$$libinit$$00000000).

10 Veneer(s) (total 52 bytes) added to the image.

==============================================================================

Image Symbol Table

    Local Symbols

    Symbol Name                              Value     Ov Type        Size  Object(Section)

    RESET                                    0x00000000   Section      276  startup.o(RESET)
    ../../angel/boardlib.s                   0x00000000   Number         0  boardinit2.o ABSOLUTE
    ../../angel/boardlib.s                   0x00000000   Number         0  boardinit3.o ABSOLUTE
    ../../angel/boardlib.s                   0x00000000   Number         0  boardshut.o ABSOLUTE
    ../../angel/boardlib.s                   0x00000000   Number         0  boardinit1.o ABSOLUTE
    ../../angel/handlers.s                   0x00000000   Number         0  __scatter_copy.o ABSOLUTE
    ../../angel/handlers.s                   0x00000000   Number         0  __scatter_zi.o ABSOLUTE
    ../../angel/kernel.s                     0x00000000   Number         0  rtentry2.o ABSOLUTE
    ../../angel/kernel.s                     0x00000000   Number         0  rtexit.o ABSOLUTE
    ../../angel/kernel.s                     0x00000000   Number         0  rtexit2.o ABSOLUTE
    ../../angel/kernel.s                     0x00000000   Number         0  rtentry4.o ABSOLUTE
    ../../angel/kernel.s                     0x00000000   Number         0  rtentry.o ABSOLUTE
    ../../angel/rt.s                         0x00000000   Number         0  rt_raise.o ABSOLUTE
    ../../angel/scatter.s                    0x00000000   Number         0  __scatter.o ABSOLUTE
    ../../angel/startup.s                    0x00000000   Number         0  __main.o ABSOLUTE
    ../../angel/sys.s                        0x00000000   Number         0  libspace.o ABSOLUTE
    ../../angel/sys.s                        0x00000000   Number         0  sys_stackheap_outer.o ABSOLUTE
    ../../angel/sys.s                        0x00000000   Number         0  sys_exit.o ABSOLUTE
    ../../angel/sys.s                        0x00000000   Number         0  use_no_semi.o ABSOLUTE
    ../../angel/sysapp.c                     0x00000000   Number         0  sys_command.o ABSOLUTE
    ../../angel/sysapp.c                     0x00000000   Number         0  sys_wrch.o ABSOLUTE
    ../../armsys.c                           0x00000000   Number         0  _get_argv_nomalloc.o ABSOLUTE
    ../../armsys.c                           0x00000000   Number         0  no_argv.o ABSOLUTE
    ../../armsys.c                           0x00000000   Number         0  argv_veneer.o ABSOLUTE
    ../../armsys.c                           0x00000000   Number         0  argv_veneer.o ABSOLUTE
    ../../fpinit.s                           0x00000000   Number         0  fpinit.o ABSOLUTE
    ../../heapalloc.c                        0x00000000   Number         0  hrguard.o ABSOLUTE
    ../../heapaux.c                          0x00000000   Number         0  heapauxi.o ABSOLUTE
    ../../libinit.s                          0x00000000   Number         0  libinit2.o ABSOLUTE
    ../../libinit.s                          0x00000000   Number         0  libshutdown2.o ABSOLUTE
    ../../libinit.s                          0x00000000   Number         0  libinit.o ABSOLUTE
    ../../libinit.s                          0x00000000   Number         0  libshutdown.o ABSOLUTE
    ../../memcpset.s                         0x00000000   Number         0  rt_memcpy_w.o ABSOLUTE
    ../../memcpset.s                         0x00000000   Number         0  rt_memcpy.o ABSOLUTE
    ../../signal.c                           0x00000000   Number         0  defsig_segv_inner.o ABSOLUTE
    ../../signal.c                           0x00000000   Number         0  defsig_cppl_inner.o ABSOLUTE
    ../../signal.c                           0x00000000   Number         0  defsig_pvfn_inner.o ABSOLUTE
    ../../signal.c                           0x00000000   Number         0  defsig_stak_inner.o ABSOLUTE
    ../../signal.c                           0x00000000   Number         0  defsig_fpe_inner.o ABSOLUTE
    ../../signal.c                           0x00000000   Number         0  defsig_abrt_inner.o ABSOLUTE
    ../../signal.c                           0x00000000   Number         0  __raise.o ABSOLUTE
    ../../signal.c                           0x00000000   Number         0  defsig_rtmem_inner.o ABSOLUTE
    ../../signal.c                           0x00000000   Number         0  defsig_exit.o ABSOLUTE
    ../../signal.c                           0x00000000   Number         0  defsig_rtred_inner.o ABSOLUTE
    ../../signal.c                           0x00000000   Number         0  defsig_rtmem_formal.o ABSOLUTE
    ../../signal.c                           0x00000000   Number         0  defsig_rtmem_outer.o ABSOLUTE
    ../../signal.c                           0x00000000   Number         0  defsig_general.o ABSOLUTE
    ../../signal.c                           0x00000000   Number         0  defsig_other.o ABSOLUTE
    ../../signal.s                           0x00000000   Number         0  defsig.o ABSOLUTE
    ../../stdlib.c                           0x00000000   Number         0  exit.o ABSOLUTE
    ..\..\Source\list.c                      0x00000000   Number         0  list.o ABSOLUTE
    ..\..\Source\portable\MemMang\heap_2.c   0x00000000   Number         0  heap_2.o ABSOLUTE
    ..\..\Source\portable\RVDS\ARM7_LPC21xx\port.c 0x00000000   Number         0  port.o ABSOLUTE
    ..\..\Source\portable\RVDS\ARM7_LPC21xx\portASM.s 0x00000000   Number         0  portasm.o ABSOLUTE
    ..\..\Source\queue.c                     0x00000000   Number         0  queue.o ABSOLUTE
    ..\..\Source\tasks.c                     0x00000000   Number         0  tasks.o ABSOLUTE
    Startup.s                                0x00000000   Number         0  startup.o ABSOLUTE
    dc.s                                     0x00000000   Number         0  dc.o ABSOLUTE
    main.c                                   0x00000000   Number         0  main.o ABSOLUTE
    Undef_Handler                            0x00000040   ARM Code       4  startup.o(RESET)
    PAbt_Handler                             0x00000048   ARM Code       4  startup.o(RESET)
    DAbt_Handler                             0x0000004c   ARM Code       4  startup.o(RESET)
    IRQ_Handler                              0x00000050   ARM Code       4  startup.o(RESET)
    FIQ_Handler                              0x00000054   ARM Code       4  startup.o(RESET)
    !!!main                                  0x00000114   Section        8  __main.o(!!!main)
    !!!scatter                               0x0000011c   Section       60  __scatter.o(!!!scatter)
    !!handler_copy                           0x00000158   Section       40  __scatter_copy.o(!!handler_copy)
    !!handler_zi                             0x00000180   Section       44  __scatter_zi.o(!!handler_zi)
    .ARM.Collect$$libinit$$00000000          0x000001b4   Section        6  libinit.o(.ARM.Collect$$libinit$$00000000)
    .ARM.Collect$$libinit$$00000006          0x000001ba   Section        0  libinit2.o(.ARM.Collect$$libinit$$00000006)
    .ARM.Collect$$libinit$$00000008          0x000001ba   Section        0  libinit2.o(.ARM.Collect$$libinit$$00000008)
    .ARM.Collect$$libinit$$0000000A          0x000001ba   Section        0  libinit2.o(.ARM.Collect$$libinit$$0000000A)
    .ARM.Collect$$libinit$$0000000D          0x000001ba   Section        0  libinit2.o(.ARM.Collect$$libinit$$0000000D)
    .ARM.Collect$$libinit$$0000000F          0x000001ba   Section        0  libinit2.o(.ARM.Collect$$libinit$$0000000F)
    .ARM.Collect$$libinit$$00000011          0x000001ba   Section        0  libinit2.o(.ARM.Collect$$libinit$$00000011)
    .ARM.Collect$$libinit$$00000013          0x000001ba   Section        0  libinit2.o(.ARM.Collect$$libinit$$00000013)
    .ARM.Collect$$libinit$$00000015          0x000001ba   Section        0  libinit2.o(.ARM.Collect$$libinit$$00000015)
    .ARM.Collect$$libinit$$00000017          0x000001ba   Section        0  libinit2.o(.ARM.Collect$$libinit$$00000017)
    .ARM.Collect$$libinit$$00000019          0x000001ba   Section        0  libinit2.o(.ARM.Collect$$libinit$$00000019)
    .ARM.Collect$$libinit$$0000001B          0x000001ba   Section        0  libinit2.o(.ARM.Collect$$libinit$$0000001B)
    .ARM.Collect$$libinit$$0000001D          0x000001ba   Section        0  libinit2.o(.ARM.Collect$$libinit$$0000001D)
    .ARM.Collect$$libinit$$0000001F          0x000001ba   Section        0  libinit2.o(.ARM.Collect$$libinit$$0000001F)
    .ARM.Collect$$libinit$$00000021          0x000001ba   Section        0  libinit2.o(.ARM.Collect$$libinit$$00000021)
    .ARM.Collect$$libinit$$00000028          0x000001ba   Section        0  libinit2.o(.ARM.Collect$$libinit$$00000028)
    .ARM.Collect$$libinit$$0000002A          0x000001ba   Section        0  libinit2.o(.ARM.Collect$$libinit$$0000002A)
    .ARM.Collect$$libinit$$0000002C          0x000001ba   Section        0  libinit2.o(.ARM.Collect$$libinit$$0000002C)
    .ARM.Collect$$libinit$$0000002E          0x000001ba   Section        0  libinit2.o(.ARM.Collect$$libinit$$0000002E)
    .ARM.Collect$$libinit$$0000002F          0x000001ba   Section       12  libinit2.o(.ARM.Collect$$libinit$$0000002F)
    .ARM.Collect$$libshutdown$$00000000      0x000001d0   Section        4  libshutdown.o(.ARM.Collect$$libshutdown$$00000000)
    .ARM.Collect$$libshutdown$$00000003      0x000001d4   Section        0  libshutdown2.o(.ARM.Collect$$libshutdown$$00000003)
    .ARM.Collect$$libshutdown$$00000006      0x000001d4   Section        0  libshutdown2.o(.ARM.Collect$$libshutdown$$00000006)
    .ARM.Collect$$libshutdown$$00000009      0x000001d4   Section        0  libshutdown2.o(.ARM.Collect$$libshutdown$$00000009)
    .ARM.Collect$$libshutdown$$0000000B      0x000001d4   Section        0  libshutdown2.o(.ARM.Collect$$libshutdown$$0000000B)
    .ARM.Collect$$libshutdown$$0000000E      0x000001d4   Section        0  libshutdown2.o(.ARM.Collect$$libshutdown$$0000000E)
    .ARM.Collect$$libshutdown$$0000000F      0x000001d4   Section        6  libshutdown2.o(.ARM.Collect$$libshutdown$$0000000F)
    .ARM.Collect$$rtentry$$00000000          0x000001dc   Section        0  rtentry.o(.ARM.Collect$$rtentry$$00000000)
    .ARM.Collect$$rtentry$$00000002          0x000001dc   Section        0  rtentry2.o(.ARM.Collect$$rtentry$$00000002)
    .ARM.Collect$$rtentry$$00000004          0x000001dc   Section        8  rtentry4.o(.ARM.Collect$$rtentry$$00000004)
    .ARM.Collect$$rtentry$$00000009          0x000001e4   Section        0  rtentry2.o(.ARM.Collect$$rtentry$$00000009)
    .ARM.Collect$$rtentry$$0000000A          0x000001e4   Section        4  rtentry2.o(.ARM.Collect$$rtentry$$0000000A)
    .ARM.Collect$$rtentry$$0000000C          0x000001e8   Section        0  rtentry2.o(.ARM.Collect$$rtentry$$0000000C)
    .ARM.Collect$$rtentry$$0000000D          0x000001e8   Section       40  rtentry2.o(.ARM.Collect$$rtentry$$0000000D)
    .ARM.Collect$$rtexit$$00000000           0x00000214   Section        0  rtexit.o(.ARM.Collect$$rtexit$$00000000)
    .ARM.Collect$$rtexit$$00000002           0x00000214   Section        0  rtexit2.o(.ARM.Collect$$rtexit$$00000002)
    .ARM.Collect$$rtexit$$00000003           0x00000214   Section        4  rtexit2.o(.ARM.Collect$$rtexit$$00000003)
    .ARM.Collect$$rtexit$$00000004           0x00000218   Section        4  rtexit2.o(.ARM.Collect$$rtexit$$00000004)
    .text                                    0x0000021c   Section       32  startup.o(.text)
    .text                                    0x0000023c   Section     1088  main.o(.text)
    .text                                    0x0000067c   Section     4116  tasks.o(.text)
    prvInitialiseTaskLists                   0x0000067d   Thumb Code    84  tasks.o(.text)
    prvAddNewTaskToReadyList                 0x000006d1   Thumb Code   158  tasks.o(.text)
    prvInitialiseNewTask                     0x0000076f   Thumb Code   166  tasks.o(.text)
    prvResetNextTaskUnblockTime              0x00000887   Thumb Code    50  tasks.o(.text)
    prvDeleteTCB                             0x000008b9   Thumb Code    22  tasks.o(.text)
    prvAddCurrentTaskToDelayedList           0x00000b4f   Thumb Code   114  tasks.o(.text)
    prvTaskIsTaskSuspended                   0x00000e5f   Thumb Code    84  tasks.o(.text)
    prvCheckTasksWaitingTermination          0x00000f7d   Thumb Code   104  tasks.o(.text)
    prvIdleTask                              0x00000fe5   Thumb Code    24  tasks.o(.text)
    .text                                    0x00001690   Section      148  list.o(.text)
    .text                                    0x00001724   Section     1848  queue.o(.text)
    prvInitialiseNewQueue                    0x000017a1   Thumb Code    38  queue.o(.text)
    prvUnlockQueue                           0x0000180b   Thumb Code   146  queue.o(.text)
    prvIsQueueFull                           0x0000189d   Thumb Code    34  queue.o(.text)
    prvCopyDataToQueue                       0x000018bf   Thumb Code   132  queue.o(.text)
    prvInitialiseMutex                       0x00001a45   Thumb Code    34  queue.o(.text)
    prvIsQueueEmpty                          0x00001b91   Thumb Code    32  queue.o(.text)
    prvCopyDataFromQueue                     0x00001bb1   Thumb Code    48  queue.o(.text)
    .text                                    0x00001e5c   Section      344  port.o(.text)
    prvSetupTimerInterrupt                   0x00001edb   Thumb Code    60  port.o(.text)
    .text                                    0x00001fb4   Section      308  heap_2.o(.text)
    prvHeapInit                              0x00001fb5   Thumb Code    38  heap_2.o(.text)
    .text                                    0x000020ec   Section      212  rt_memcpy.o(.text)
    .text                                    0x000021c0   Section        6  heapauxi.o(.text)
    .text                                    0x000021c8   Section      100  rt_memcpy_w.o(.text)
    .text                                    0x0000222c   Section       96  sys_stackheap_outer.o(.text)
    .text                                    0x0000228c   Section       12  exit.o(.text)
    .text                                    0x00002298   Section       12  libspace.o(.text)
    .text                                    0x000022a4   Section       24  sys_exit.o(.text)
    .text                                    0x000022bc   Section        4  use_no_semi.o(.text)
    PORT_ASM                                 0x000022c4   Section      396  portasm.o(PORT_ASM)
    i.__ARM_common_disable_irq               0x0000245c   Section       20  tasks.o(i.__ARM_common_disable_irq)
    i.__ARM_common_enable_irq                0x00002474   Section       16  port.o(i.__ARM_common_enable_irq)
    i.__ARM_common_switch8                   0x00002488   Section       32  tasks.o(i.__ARM_common_switch8)
    x$fpl$fpinit                             0x000024ac   Section        4  fpinit.o(x$fpl$fpinit)
    .data                                    0x40000000   Section       16  main.o(.data)
    .data                                    0x40000010   Section       60  tasks.o(.data)
    uxDeletedTasksWaitingCleanUp             0x40000014   Data           4  tasks.o(.data)
    uxCurrentNumberOfTasks                   0x40000018   Data           4  tasks.o(.data)
    xTickCount                               0x4000001c   Data           4  tasks.o(.data)
    uxTopReadyPriority                       0x40000020   Data           4  tasks.o(.data)
    xSchedulerRunning                        0x40000024   Data           4  tasks.o(.data)
    uxPendedTicks                            0x40000028   Data           4  tasks.o(.data)
    xYieldPending                            0x4000002c   Data           4  tasks.o(.data)
    xNumOfOverflows                          0x40000030   Data           4  tasks.o(.data)
    uxTaskNumber                             0x40000034   Data           4  tasks.o(.data)
    xNextTaskUnblockTime                     0x40000038   Data           4  tasks.o(.data)
    xIdleTaskHandle                          0x4000003c   Data           4  tasks.o(.data)
    uxSchedulerSuspended                     0x40000040   Data           4  tasks.o(.data)
    pxDelayedTaskList                        0x40000044   Data           4  tasks.o(.data)
    pxOverflowDelayedTaskList                0x40000048   Data           4  tasks.o(.data)
    .data                                    0x4000004c   Section        4  port.o(.data)
    .data                                    0x40000050   Section       24  heap_2.o(.data)
    xFreeBytesRemaining                      0x40000050   Data           4  heap_2.o(.data)
    xHeapHasBeenInitialised                  0x40000054   Data           4  heap_2.o(.data)
    xStart                                   0x40000058   Data           8  heap_2.o(.data)
    xEnd                                     0x40000060   Data           8  heap_2.o(.data)
    .bss                                     0x40000068   Section      180  tasks.o(.bss)
    pxReadyTasksLists                        0x40000068   Data          80  tasks.o(.bss)
    xDelayedTaskList1                        0x400000b8   Data          20  tasks.o(.bss)
    xDelayedTaskList2                        0x400000cc   Data          20  tasks.o(.bss)
    xPendingReadyList                        0x400000e0   Data          20  tasks.o(.bss)
    xTasksWaitingTermination                 0x400000f4   Data          20  tasks.o(.bss)
    xSuspendedTaskList                       0x40000108   Data          20  tasks.o(.bss)
    .bss                                     0x4000011c   Section    13312  heap_2.o(.bss)
    ucHeap                                   0x4000011c   Data       13312  heap_2.o(.bss)
    .bss                                     0x4000351c   Section       96  libspace.o(.bss)
    HEAP                                     0x40003580   Section        0  startup.o(HEAP)
    STACK                                    0x40003580   Section     1568  startup.o(STACK)
    Heap_Mem                                 0x40003580   Data           0  startup.o(HEAP)
    Stack_Mem                                0x40003580   Data        1568  startup.o(STACK)
    Stack_Top                                0x40003ba0   Data           0  startup.o(STACK)

    Global Symbols

    Symbol Name                              Value     Ov Type        Size  Object(Section)

    BuildAttributes$$THM_ISAv1$ARM_ISAv4$S$PE$A:L22$X:L11$S22$IEEE1$IW$USESV6$~STKCKD$USESV7$~SHL$OSPACE$ROPI$EBA8$UX$STANDARDLIB$REQ8$PRES8$EABIv2 0x00000000   Number         0  anon$$obj.o ABSOLUTE
    __ARM_use_no_argv                        0x00000000   Number         0  main.o ABSOLUTE
    __ARM_exceptions_init                     - Undefined Weak Reference
    __alloca_initialize                       - Undefined Weak Reference
    __cpp_initialize__aeabi_                  - Undefined Weak Reference
    __cxa_finalize                            - Undefined Weak Reference
    __rt_locale                               - Undefined Weak Reference
    __sigvec_lookup                           - Undefined Weak Reference
    _atexit_init                              - Undefined Weak Reference
    _call_atexit_fns                          - Undefined Weak Reference
    _clock_init                               - Undefined Weak Reference
    _fp_trap_init                             - Undefined Weak Reference
    _fp_trap_shutdown                         - Undefined Weak Reference
    _get_lc_collate                           - Undefined Weak Reference
    _get_lc_ctype                             - Undefined Weak Reference
    _get_lc_monetary                          - Undefined Weak Reference
    _get_lc_numeric                           - Undefined Weak Reference
    _get_lc_time                              - Undefined Weak Reference
    _getenv_init                              - Undefined Weak Reference
    _handle_redirection                       - Undefined Weak Reference
    _init_alloc                               - Undefined Weak Reference
    _init_user_alloc                          - Undefined Weak Reference
    _initio                                   - Undefined Weak Reference
    _rand_init                                - Undefined Weak Reference
    _signal_finish                            - Undefined Weak Reference
    _signal_init                              - Undefined Weak Reference
    _terminate_alloc                          - Undefined Weak Reference
    _terminate_user_alloc                     - Undefined Weak Reference
    _terminateio                              - Undefined Weak Reference
    Reset_Handler                            0x00000058   ARM Code       0  startup.o(RESET)
    __main                                   0x00000114   ARM Code       8  __main.o(!!!main)
    __scatterload                            0x0000011c   ARM Code       0  __scatter.o(!!!scatter)
    __scatterload_rt2                        0x0000011c   ARM Code      52  __scatter.o(!!!scatter)
    __scatterload_null                       0x00000130   ARM Code       0  __scatter.o(!!!scatter)
    __scatterload_copy                       0x00000158   ARM Code      40  __scatter_copy.o(!!handler_copy)
    __scatterload_zeroinit                   0x00000180   ARM Code      44  __scatter_zi.o(!!handler_zi)
    Inline ARM to Thumb Veneer to __rt_lib_init 0x000001ac   ARM Code       8  libinit.o(.ARM.Collect$$libinit$$00000000)
    __rt_lib_init                            0x000001b5   Thumb Code     0  libinit.o(.ARM.Collect$$libinit$$00000000)
    __rt_lib_init_alloca_1                   0x000001bb   Thumb Code     0  libinit2.o(.ARM.Collect$$libinit$$0000002A)
    __rt_lib_init_argv_1                     0x000001bb   Thumb Code     0  libinit2.o(.ARM.Collect$$libinit$$00000028)
    __rt_lib_init_atexit_1                   0x000001bb   Thumb Code     0  libinit2.o(.ARM.Collect$$libinit$$00000017)
    __rt_lib_init_clock_1                    0x000001bb   Thumb Code     0  libinit2.o(.ARM.Collect$$libinit$$0000001D)
    __rt_lib_init_cpp_1                      0x000001bb   Thumb Code     0  libinit2.o(.ARM.Collect$$libinit$$0000002E)
    __rt_lib_init_exceptions_1               0x000001bb   Thumb Code     0  libinit2.o(.ARM.Collect$$libinit$$0000002C)
    __rt_lib_init_fp_trap_1                  0x000001bb   Thumb Code     0  libinit2.o(.ARM.Collect$$libinit$$0000001B)
    __rt_lib_init_getenv_1                   0x000001bb   Thumb Code     0  libinit2.o(.ARM.Collect$$libinit$$0000001F)
    __rt_lib_init_heap_1                     0x000001bb   Thumb Code     0  libinit2.o(.ARM.Collect$$libinit$$00000006)
    __rt_lib_init_lc_collate_1               0x000001bb   Thumb Code     0  libinit2.o(.ARM.Collect$$libinit$$0000000D)
    __rt_lib_init_lc_ctype_1                 0x000001bb   Thumb Code     0  libinit2.o(.ARM.Collect$$libinit$$0000000F)
    __rt_lib_init_lc_monetary_1              0x000001bb   Thumb Code     0  libinit2.o(.ARM.Collect$$libinit$$00000011)
    __rt_lib_init_lc_numeric_1               0x000001bb   Thumb Code     0  libinit2.o(.ARM.Collect$$libinit$$00000013)
    __rt_lib_init_lc_time_1                  0x000001bb   Thumb Code     0  libinit2.o(.ARM.Collect$$libinit$$00000015)
    __rt_lib_init_rand_1                     0x000001bb   Thumb Code     0  libinit2.o(.ARM.Collect$$libinit$$0000000A)
    __rt_lib_init_return                     0x000001bb   Thumb Code     0  libinit2.o(.ARM.Collect$$libinit$$0000002F)
    __rt_lib_init_signal_1                   0x000001bb   Thumb Code     0  libinit2.o(.ARM.Collect$$libinit$$00000019)
    __rt_lib_init_stdio_1                    0x000001bb   Thumb Code     0  libinit2.o(.ARM.Collect$$libinit$$00000021)
    __rt_lib_init_user_alloc_1               0x000001bb   Thumb Code     0  libinit2.o(.ARM.Collect$$libinit$$00000008)
    Inline ARM to Thumb Veneer to __rt_lib_shutdown 0x000001c8   ARM Code       8  libshutdown.o(.ARM.Collect$$libshutdown$$00000000)
    __rt_lib_shutdown                        0x000001d1   Thumb Code     0  libshutdown.o(.ARM.Collect$$libshutdown$$00000000)
    __rt_lib_shutdown_fp_trap_1              0x000001d5   Thumb Code     0  libshutdown2.o(.ARM.Collect$$libshutdown$$00000006)
    __rt_lib_shutdown_heap_1                 0x000001d5   Thumb Code     0  libshutdown2.o(.ARM.Collect$$libshutdown$$0000000E)
    __rt_lib_shutdown_return                 0x000001d5   Thumb Code     0  libshutdown2.o(.ARM.Collect$$libshutdown$$0000000F)
    __rt_lib_shutdown_signal_1               0x000001d5   Thumb Code     0  libshutdown2.o(.ARM.Collect$$libshutdown$$00000009)
    __rt_lib_shutdown_stdio_1                0x000001d5   Thumb Code     0  libshutdown2.o(.ARM.Collect$$libshutdown$$00000003)
    __rt_lib_shutdown_user_alloc_1           0x000001d5   Thumb Code     0  libshutdown2.o(.ARM.Collect$$libshutdown$$0000000B)
    __rt_entry                               0x000001dc   ARM Code       0  rtentry.o(.ARM.Collect$$rtentry$$00000000)
    __rt_entry_presh_1                       0x000001dc   ARM Code       0  rtentry2.o(.ARM.Collect$$rtentry$$00000002)
    __rt_entry_sh                            0x000001dc   ARM Code       0  rtentry4.o(.ARM.Collect$$rtentry$$00000004)
    __rt_entry_li                            0x000001e4   ARM Code       0  rtentry2.o(.ARM.Collect$$rtentry$$0000000A)
    __rt_entry_postsh_1                      0x000001e4   ARM Code       0  rtentry2.o(.ARM.Collect$$rtentry$$00000009)
    __rt_entry_main                          0x000001e8   ARM Code       0  rtentry2.o(.ARM.Collect$$rtentry$$0000000D)
    __rt_entry_postli_1                      0x000001e8   ARM Code       0  rtentry2.o(.ARM.Collect$$rtentry$$0000000C)
    Inline Thumb to ARM Veneer to __rt_exit  0x00000211   Thumb Code     4  rtexit.o(.ARM.Collect$$rtexit$$00000000)
    __rt_exit                                0x00000214   ARM Code       0  rtexit.o(.ARM.Collect$$rtexit$$00000000)
    __rt_exit_ls                             0x00000214   ARM Code       0  rtexit2.o(.ARM.Collect$$rtexit$$00000003)
    __rt_exit_prels_1                        0x00000214   ARM Code       0  rtexit2.o(.ARM.Collect$$rtexit$$00000002)
    __rt_exit_exit                           0x00000218   ARM Code       0  rtexit2.o(.ARM.Collect$$rtexit$$00000004)
    __user_initial_stackheap                 0x0000021c   ARM Code       0  startup.o(.text)
    trans                                    0x0000023d   Thumb Code    18  main.o(.text)
    fnA                                      0x0000024f   Thumb Code   146  main.o(.text)
    fnB                                      0x000002e1   Thumb Code   146  main.o(.text)
    fnC                                      0x00000373   Thumb Code   146  main.o(.text)
    fnD                                      0x00000405   Thumb Code   146  main.o(.text)
    fnE                                      0x00000497   Thumb Code   146  main.o(.text)
    semgive                                  0x00000529   Thumb Code    38  main.o(.text)
    main                                     0x0000054f   Thumb Code   174  main.o(.text)
    xTaskCreate                              0x00000815   Thumb Code   114  tasks.o(.text)
    vTaskDelete                              0x000008cf   Thumb Code   146  tasks.o(.text)
    xTaskIncrementTick                       0x00000961   Thumb Code   280  tasks.o(.text)
    xTaskResumeAll                           0x00000a79   Thumb Code   214  tasks.o(.text)
    vTaskSuspendAll                          0x00000bc1   Thumb Code    12  tasks.o(.text)
    vTaskDelayUntil                          0x00000bcd   Thumb Code   106  tasks.o(.text)
    vTaskDelay                               0x00000c37   Thumb Code    42  tasks.o(.text)
    uxTaskPriorityGet                        0x00000c61   Thumb Code    36  tasks.o(.text)
    uxTaskPriorityGetFromISR                 0x00000c85   Thumb Code    26  tasks.o(.text)
    vTaskPrioritySet                         0x00000c9f   Thumb Code   204  tasks.o(.text)
    vTaskSwitchContext                       0x00000d6b   Thumb Code   108  tasks.o(.text)
    vTaskSuspend                             0x00000dd7   Thumb Code   136  tasks.o(.text)
    vTaskResume                              0x00000eb3   Thumb Code    98  tasks.o(.text)
    xTaskResumeFromISR                       0x00000f15   Thumb Code   104  tasks.o(.text)
    vTaskStartScheduler                      0x00000ffd   Thumb Code    64  tasks.o(.text)
    vTaskEndScheduler                        0x0000103d   Thumb Code    24  tasks.o(.text)
    xTaskGetTickCount                        0x00001055   Thumb Code    24  tasks.o(.text)
    xTaskGetTickCountFromISR                 0x0000106d   Thumb Code    10  tasks.o(.text)
    uxTaskGetNumberOfTasks                   0x00001077   Thumb Code     8  tasks.o(.text)
    pcTaskGetName                            0x0000107f   Thumb Code    22  tasks.o(.text)
    vTaskPlaceOnEventList                    0x00001095   Thumb Code    32  tasks.o(.text)
    vTaskPlaceOnUnorderedEventList           0x000010b5   Thumb Code    46  tasks.o(.text)
    xTaskRemoveFromEventList                 0x000010e3   Thumb Code   112  tasks.o(.text)
    xTaskRemoveFromUnorderedEventList        0x00001153   Thumb Code    96  tasks.o(.text)
    vTaskSetTimeOutState                     0x000011b3   Thumb Code    18  tasks.o(.text)
    xTaskCheckForTimeOut                     0x000011c5   Thumb Code    92  tasks.o(.text)
    vTaskMissedYield                         0x00001221   Thumb Code    10  tasks.o(.text)
    xTaskGetCurrentTaskHandle                0x0000122b   Thumb Code     6  tasks.o(.text)
    vTaskPriorityInherit                     0x00001231   Thumb Code   156  tasks.o(.text)
    xTaskPriorityDisinherit                  0x000012cd   Thumb Code    92  tasks.o(.text)
    uxTaskResetEventItemValue                0x00001329   Thumb Code    24  tasks.o(.text)
    pvTaskIncrementMutexHeldCount            0x00001341   Thumb Code    28  tasks.o(.text)
    ulTaskNotifyTake                         0x0000135d   Thumb Code   106  tasks.o(.text)
    xTaskNotifyWait                          0x000013c7   Thumb Code   142  tasks.o(.text)
    xTaskGenericNotify                       0x00001455   Thumb Code   168  tasks.o(.text)
    xTaskGenericNotifyFromISR                0x000014fd   Thumb Code   206  tasks.o(.text)
    vTaskNotifyGiveFromISR                   0x000015cb   Thumb Code   130  tasks.o(.text)
    xTaskNotifyStateClear                    0x0000164d   Thumb Code    68  tasks.o(.text)
    vListInitialise                          0x00001691   Thumb Code    26  list.o(.text)
    vListInitialiseItem                      0x000016ab   Thumb Code     6  list.o(.text)
    vListInsertEnd                           0x000016b1   Thumb Code    24  list.o(.text)
    vListInsert                              0x000016c9   Thumb Code    52  list.o(.text)
    uxListRemove                             0x000016fd   Thumb Code    40  list.o(.text)
    xQueueGenericReset                       0x00001725   Thumb Code   124  queue.o(.text)
    xQueueGenericCreate                      0x000017c7   Thumb Code    68  queue.o(.text)
    xQueueGenericSend                        0x00001943   Thumb Code   258  queue.o(.text)
    xQueueCreateMutex                        0x00001a67   Thumb Code    34  queue.o(.text)
    xQueueCreateCountingSemaphore            0x00001a89   Thumb Code    32  queue.o(.text)
    xQueueGenericSendFromISR                 0x00001aa9   Thumb Code   124  queue.o(.text)
    xQueueGiveFromISR                        0x00001b25   Thumb Code   108  queue.o(.text)
    xQueueGenericReceive                     0x00001be1   Thumb Code   348  queue.o(.text)
    xQueueReceiveFromISR                     0x00001d3d   Thumb Code   128  queue.o(.text)
    xQueuePeekFromISR                        0x00001dbd   Thumb Code    50  queue.o(.text)
    uxQueueMessagesWaiting                   0x00001def   Thumb Code    22  queue.o(.text)
    uxQueueSpacesAvailable                   0x00001e05   Thumb Code    30  queue.o(.text)
    uxQueueMessagesWaitingFromISR            0x00001e23   Thumb Code     6  queue.o(.text)
    vQueueDelete                             0x00001e29   Thumb Code    18  queue.o(.text)
    xQueueIsQueueEmptyFromISR                0x00001e3b   Thumb Code    16  queue.o(.text)
    xQueueIsQueueFullFromISR                 0x00001e4b   Thumb Code    18  queue.o(.text)
    pxPortInitialiseStack                    0x00001e5d   Thumb Code   126  port.o(.text)
    xPortStartScheduler                      0x00001f17   Thumb Code    18  port.o(.text)
    vPortEndScheduler                        0x00001f29   Thumb Code     2  port.o(.text)
    vPortEnterCritical                       0x00001f2b   Thumb Code    22  port.o(.text)
    vPortExitCritical                        0x00001f41   Thumb Code    38  port.o(.text)
    pvPortMalloc                             0x00001fdb   Thumb Code   178  heap_2.o(.text)
    vPortFree                                0x0000208d   Thumb Code    68  heap_2.o(.text)
    xPortGetFreeHeapSize                     0x000020d1   Thumb Code     8  heap_2.o(.text)
    vPortInitialiseBlocks                    0x000020d9   Thumb Code     2  heap_2.o(.text)
    Inline Thumb to ARM Veneer to __aeabi_memcpy 0x000020e9   Thumb Code     4  rt_memcpy.o(.text)
    __aeabi_memcpy                           0x000020ec   ARM Code       0  rt_memcpy.o(.text)
    __rt_memcpy                              0x000020ec   ARM Code     212  rt_memcpy.o(.text)
    _memcpy_lastbytes                        0x000021a0   ARM Code       0  rt_memcpy.o(.text)
    __use_two_region_memory                  0x000021c1   Thumb Code     2  heapauxi.o(.text)
    __rt_heap_escrow$2region                 0x000021c3   Thumb Code     2  heapauxi.o(.text)
    __rt_heap_expand$2region                 0x000021c5   Thumb Code     2  heapauxi.o(.text)
    __aeabi_memcpy4                          0x000021c8   ARM Code       0  rt_memcpy_w.o(.text)
    __aeabi_memcpy8                          0x000021c8   ARM Code       0  rt_memcpy_w.o(.text)
    __rt_memcpy_w                            0x000021c8   ARM Code     100  rt_memcpy_w.o(.text)
    _memcpy_lastbytes_aligned                0x00002214   ARM Code       0  rt_memcpy_w.o(.text)
    __user_setup_stackheap                   0x0000222c   ARM Code      96  sys_stackheap_outer.o(.text)
    exit                                     0x0000228d   Thumb Code    12  exit.o(.text)
    __user_libspace                          0x00002298   ARM Code      12  libspace.o(.text)
    __user_perproc_libspace                  0x00002298   ARM Code       0  libspace.o(.text)
    __user_perthread_libspace                0x00002298   ARM Code       0  libspace.o(.text)
    _sys_exit                                0x000022a4   ARM Code      20  sys_exit.o(.text)
    __I$use$semihosting                      0x000022bc   ARM Code       0  use_no_semi.o(.text)
    __use_no_semihosting_swi                 0x000022bc   ARM Code       4  use_no_semi.o(.text)
    Inline Thumb to ARM Veneer to vPortStartFirstTask 0x000022c1   Thumb Code     4  portasm.o(PORT_ASM)
    vPortStartFirstTask                      0x000022c4   ARM Code       0  portasm.o(PORT_ASM)
    vPortYield                               0x000022f4   ARM Code       0  portasm.o(PORT_ASM)
    vPortYieldProcessor                      0x000022fc   ARM Code       0  portasm.o(PORT_ASM)
    vPreemptiveTick                          0x00002388   ARM Code       0  portasm.o(PORT_ASM)
    Short Thumb to ARM Veneer to vPortYield  0x00002451   Thumb Code     8  anon$$obj.o(Veneer$$Code)
    Inline Thumb to ARM Veneer to __ARM_common_disable_irq 0x00002459   Thumb Code     4  tasks.o(i.__ARM_common_disable_irq)
    __ARM_common_disable_irq                 0x0000245c   ARM Code      20  tasks.o(i.__ARM_common_disable_irq)
    Inline Thumb to ARM Veneer to __ARM_common_enable_irq 0x00002471   Thumb Code     4  port.o(i.__ARM_common_enable_irq)
    __ARM_common_enable_irq                  0x00002474   ARM Code      16  port.o(i.__ARM_common_enable_irq)
    Inline Thumb to ARM Veneer to __ARM_common_switch8 0x00002485   Thumb Code     4  tasks.o(i.__ARM_common_switch8)
    __ARM_common_switch8                     0x00002488   ARM Code      32  tasks.o(i.__ARM_common_switch8)
    Inline Thumb to ARM Veneer to _fp_init   0x000024a9   Thumb Code     4  fpinit.o(x$fpl$fpinit)
    __fplib_config_pureend_doubles           0x000024ac   ARM Code       0  fpinit.o(x$fpl$fpinit)
    _fp_init                                 0x000024ac   ARM Code       4  fpinit.o(x$fpl$fpinit)
    Region$$Table$$Base                      0x000024b0   Number         0  anon$$obj.o(Region$$Table)
    Region$$Table$$Limit                     0x000024d0   Number         0  anon$$obj.o(Region$$Table)
    i                                        0x40000000   Data           4  main.o(.data)
    x                                        0x40000004   Data           1  main.o(.data)
    xcountingsemaphore                       0x40000008   Data           4  main.o(.data)
    xmutex                                   0x4000000c   Data           4  main.o(.data)
    pxCurrentTCB                             0x40000010   Data           4  tasks.o(.data)
    ulCriticalNesting                        0x4000004c   Data           4  port.o(.data)
    __libspace_start                         0x4000351c   Data          96  libspace.o(.bss)
    __temporary_stack_top$libspace           0x4000357c   Data           0  libspace.o(.bss)



==============================================================================

Memory Map of the image

  Image Entry point : 0x00000114

  Load Region LR_IROM1 (Base: 0x00000000, Size: 0x00002538, Max: 0x00040000, ABSOLUTE)

    Execution Region ER_IROM1 (Base: 0x00000000, Size: 0x000024d0, Max: 0x00040000, ABSOLUTE)

    Base Addr    Size         Type   Attr      Idx    E Section Name        Object

    0x00000000   0x00000114   Code   RO            3    RESET               startup.o
    0x00000114   0x00000008   Code   RO          166  * !!!main             __main.o(c_t.l)
    0x0000011c   0x0000003c   Code   RO          327    !!!scatter          __scatter.o(c_t.l)
    0x00000158   0x00000028   Code   RO          329    !!handler_copy      __scatter_copy.o(c_t.l)
    0x00000180   0x0000002c   Code   RO          331    !!handler_zi        __scatter_zi.o(c_t.l)
    0x000001ac   0x00000008   Ven    RO          200    .ARM.Collect$$libinit$$00000000  libinit.o(c_t.l)
    0x000001b4   0x00000006   Code   RO          200    .ARM.Collect$$libinit$$00000000  libinit.o(c_t.l)
    0x000001ba   0x00000000   Code   RO          208    .ARM.Collect$$libinit$$00000006  libinit2.o(c_t.l)
    0x000001ba   0x00000000   Code   RO          210    .ARM.Collect$$libinit$$00000008  libinit2.o(c_t.l)
    0x000001ba   0x00000000   Code   RO          212    .ARM.Collect$$libinit$$0000000A  libinit2.o(c_t.l)
    0x000001ba   0x00000000   Code   RO          215    .ARM.Collect$$libinit$$0000000D  libinit2.o(c_t.l)
    0x000001ba   0x00000000   Code   RO          217    .ARM.Collect$$libinit$$0000000F  libinit2.o(c_t.l)
    0x000001ba   0x00000000   Code   RO          219    .ARM.Collect$$libinit$$00000011  libinit2.o(c_t.l)
    0x000001ba   0x00000000   Code   RO          221    .ARM.Collect$$libinit$$00000013  libinit2.o(c_t.l)
    0x000001ba   0x00000000   Code   RO          223    .ARM.Collect$$libinit$$00000015  libinit2.o(c_t.l)
    0x000001ba   0x00000000   Code   RO          225    .ARM.Collect$$libinit$$00000017  libinit2.o(c_t.l)
    0x000001ba   0x00000000   Code   RO          227    .ARM.Collect$$libinit$$00000019  libinit2.o(c_t.l)
    0x000001ba   0x00000000   Code   RO          229    .ARM.Collect$$libinit$$0000001B  libinit2.o(c_t.l)
    0x000001ba   0x00000000   Code   RO          231    .ARM.Collect$$libinit$$0000001D  libinit2.o(c_t.l)
    0x000001ba   0x00000000   Code   RO          233    .ARM.Collect$$libinit$$0000001F  libinit2.o(c_t.l)
    0x000001ba   0x00000000   Code   RO          235    .ARM.Collect$$libinit$$00000021  libinit2.o(c_t.l)
    0x000001ba   0x00000000   Code   RO          239    .ARM.Collect$$libinit$$00000028  libinit2.o(c_t.l)
    0x000001ba   0x00000000   Code   RO          241    .ARM.Collect$$libinit$$0000002A  libinit2.o(c_t.l)
    0x000001ba   0x00000000   Code   RO          243    .ARM.Collect$$libinit$$0000002C  libinit2.o(c_t.l)
    0x000001ba   0x00000000   Code   RO          245    .ARM.Collect$$libinit$$0000002E  libinit2.o(c_t.l)
    0x000001ba   0x0000000c   Code   RO          246    .ARM.Collect$$libinit$$0000002F  libinit2.o(c_t.l)
    0x000001c6   0x00000002   PAD
    0x000001c8   0x00000008   Ven    RO          267    .ARM.Collect$$libshutdown$$00000000  libshutdown.o(c_t.l)
    0x000001d0   0x00000004   Code   RO          267    .ARM.Collect$$libshutdown$$00000000  libshutdown.o(c_t.l)
    0x000001d4   0x00000000   Code   RO          280    .ARM.Collect$$libshutdown$$00000003  libshutdown2.o(c_t.l)
    0x000001d4   0x00000000   Code   RO          283    .ARM.Collect$$libshutdown$$00000006  libshutdown2.o(c_t.l)
    0x000001d4   0x00000000   Code   RO          286    .ARM.Collect$$libshutdown$$00000009  libshutdown2.o(c_t.l)
    0x000001d4   0x00000000   Code   RO          288    .ARM.Collect$$libshutdown$$0000000B  libshutdown2.o(c_t.l)
    0x000001d4   0x00000000   Code   RO          291    .ARM.Collect$$libshutdown$$0000000E  libshutdown2.o(c_t.l)
    0x000001d4   0x00000006   Code   RO          292    .ARM.Collect$$libshutdown$$0000000F  libshutdown2.o(c_t.l)
    0x000001da   0x00000002   PAD
    0x000001dc   0x00000000   Code   RO          168    .ARM.Collect$$rtentry$$00000000  rtentry.o(c_t.l)
    0x000001dc   0x00000000   Code   RO          173    .ARM.Collect$$rtentry$$00000002  rtentry2.o(c_t.l)
    0x000001dc   0x00000008   Code   RO          188    .ARM.Collect$$rtentry$$00000004  rtentry4.o(c_t.l)
    0x000001e4   0x00000000   Code   RO          175    .ARM.Collect$$rtentry$$00000009  rtentry2.o(c_t.l)
    0x000001e4   0x00000004   Code   RO          176    .ARM.Collect$$rtentry$$0000000A  rtentry2.o(c_t.l)
    0x000001e8   0x00000000   Code   RO          178    .ARM.Collect$$rtentry$$0000000C  rtentry2.o(c_t.l)
    0x000001e8   0x00000028   Code   RO          179    .ARM.Collect$$rtentry$$0000000D  rtentry2.o(c_t.l)
    0x00000210   0x00000004   Ven    RO          204    .ARM.Collect$$rtexit$$00000000  rtexit.o(c_t.l)
    0x00000214   0x00000000   Code   RO          204    .ARM.Collect$$rtexit$$00000000  rtexit.o(c_t.l)
    0x00000214   0x00000000   Code   RO          250    .ARM.Collect$$rtexit$$00000002  rtexit2.o(c_t.l)
    0x00000214   0x00000004   Code   RO          251    .ARM.Collect$$rtexit$$00000003  rtexit2.o(c_t.l)
    0x00000218   0x00000004   Code   RO          252    .ARM.Collect$$rtexit$$00000004  rtexit2.o(c_t.l)
    0x0000021c   0x00000020   Code   RO            4    .text               startup.o
    0x0000023c   0x00000440   Code   RO           11    .text               main.o
    0x0000067c   0x00001014   Code   RO           72    .text               tasks.o
    0x00001690   0x00000094   Code   RO          101    .text               list.o
    0x00001724   0x00000738   Code   RO          113    .text               queue.o
    0x00001e5c   0x00000158   Code   RO          125    .text               port.o
    0x00001fb4   0x00000134   Code   RO          142    .text               heap_2.o
    0x000020e8   0x00000004   Ven    RO          162    .text               rt_memcpy.o(c_t.l)
    0x000020ec   0x000000d4   Code   RO          162    .text               rt_memcpy.o(c_t.l)
    0x000021c0   0x00000006   Code   RO          164    .text               heapauxi.o(c_t.l)
    0x000021c6   0x00000002   PAD
    0x000021c8   0x00000064   Code   RO          170    .text               rt_memcpy_w.o(c_t.l)
    0x0000222c   0x00000060   Code   RO          190    .text               sys_stackheap_outer.o(c_t.l)
    0x0000228c   0x0000000c   Code   RO          192    .text               exit.o(c_t.l)
    0x00002298   0x0000000c   Code   RO          201    .text               libspace.o(c_t.l)
    0x000022a4   0x00000018   Code   RO          259    .text               sys_exit.o(c_t.l)
    0x000022bc   0x00000004   Code   RO          270    .text               use_no_semi.o(c_t.l)
    0x000022c0   0x00000004   Ven    RO          157    PORT_ASM            portasm.o
    0x000022c4   0x0000018c   Code   RO          157    PORT_ASM            portasm.o
    0x00002450   0x00000008   Ven    RO          342    Veneer$$Code        anon$$obj.o
    0x00002458   0x00000004   Ven    RO           87    i.__ARM_common_disable_irq  tasks.o
    0x0000245c   0x00000014   Code   RO           87    i.__ARM_common_disable_irq  tasks.o
    0x00002470   0x00000004   Ven    RO          137    i.__ARM_common_enable_irq  port.o
    0x00002474   0x00000010   Code   RO          137    i.__ARM_common_enable_irq  port.o
    0x00002484   0x00000004   Ven    RO           85    i.__ARM_common_switch8  tasks.o
    0x00002488   0x00000020   Code   RO           85    i.__ARM_common_switch8  tasks.o
    0x000024a8   0x00000004   Ven    RO          247    x$fpl$fpinit        fpinit.o(fz_ts.l)
    0x000024ac   0x00000004   Code   RO          247    x$fpl$fpinit        fpinit.o(fz_ts.l)
    0x000024b0   0x00000020   Data   RO          325    Region$$Table       anon$$obj.o


    Execution Region RW_IRAM1 (Base: 0x40000000, Size: 0x00003ba0, Max: 0x00004000, ABSOLUTE)

    Base Addr    Size         Type   Attr      Idx    E Section Name        Object

    0x40000000   0x00000010   Data   RW           12    .data               main.o
    0x40000010   0x0000003c   Data   RW           74    .data               tasks.o
    0x4000004c   0x00000004   Data   RW          126    .data               port.o
    0x40000050   0x00000018   Data   RW          144    .data               heap_2.o
    0x40000068   0x000000b4   Zero   RW           73    .bss                tasks.o
    0x4000011c   0x00003400   Zero   RW          143    .bss                heap_2.o
    0x4000351c   0x00000060   Zero   RW          202    .bss                libspace.o(c_t.l)
    0x4000357c   0x00000004   PAD
    0x40003580   0x00000000   Zero   RW            2    HEAP                startup.o
    0x40003580   0x00000620   Zero   RW            1    STACK               startup.o


==============================================================================

Image component sizes


      Code (inc. data)   RO Data    RW Data    ZI Data      Debug   Object Name

       308         14          0         24      13312       3260   heap_2.o
       148          0          0          0          0       1834   list.o
      1088        128          0         16          0      20777   main.o
       360         78          0          4          0       3079   port.o
       396         24          0          0          0        336   portasm.o
      1848          0          0          0          0      11194   queue.o
       308         64          0          0       1568        548   startup.o
      4168         80          0         60        180      20564   tasks.o

    ----------------------------------------------------------------------
      8648        388         32        104      15060      61592   Object Totals
        24          0         32          0          0          0   (incl. Generated)
         0          0          0          0          0          0   (incl. Padding)

    ----------------------------------------------------------------------

      Code (inc. data)   RO Data    RW Data    ZI Data      Debug   Library Member Name

         8          0          0          0          0         68   __main.o
        60          8          0          0          0          0   __scatter.o
        40          0          0          0          0          0   __scatter_copy.o
        44          0          0          0          0          0   __scatter_zi.o
        12          0          0          0          0         60   exit.o
         8          0          0          0          0         68   fpinit.o
         6          0          0          0          0        132   heapauxi.o
        14          0          0          0          0          0   libinit.o
        12          0          0          0          0          0   libinit2.o
        12          0          0          0          0          0   libshutdown.o
         6          0          0          0          0          0   libshutdown2.o
        12          4          0          0         96         68   libspace.o
       216          0          0          0          0         68   rt_memcpy.o
       100          0          0          0          0         80   rt_memcpy_w.o
         0          0          0          0          0          0   rtentry.o
        44          4          0          0          0          0   rtentry2.o
         8          0          0          0          0          0   rtentry4.o
         4          0          0          0          0          0   rtexit.o
         8          0          0          0          0          0   rtexit2.o
        24          8          0          0          0         68   sys_exit.o
        96          0          0          0          0         80   sys_stackheap_outer.o
         4          0          0          0          0         68   use_no_semi.o

    ----------------------------------------------------------------------
       744         24          0          0        100        760   Library Totals
         6          0          0          0          4          0   (incl. Padding)

    ----------------------------------------------------------------------

      Code (inc. data)   RO Data    RW Data    ZI Data      Debug   Library Name

       730         24          0          0         96        692   c_t.l
         8          0          0          0          0         68   fz_ts.l

    ----------------------------------------------------------------------
       744         24          0          0        100        760   Library Totals

    ----------------------------------------------------------------------

==============================================================================


      Code (inc. data)   RO Data    RW Data    ZI Data      Debug   

      9392        412         32        104      15160      61356   Grand Totals
      9392        412         32        104      15160      61356   ELF Image Totals
      9392        412         32        104          0          0   ROM Totals

==============================================================================

    Total RO  Size (Code + RO Data)                 9424 (   9.20kB)
    Total RW  Size (RW Data + ZI Data)             15264 (  14.91kB)
    Total ROM Size (Code + RO Data + RW Data)       9528 (   9.30kB)

==============================================================================

